Component: ARM Compiler 5.06 update 6 (build 750) Tool: armlink [4d35ed]

==============================================================================

Section Cross References

    main.o(i.__sti___8_main_cpp_main) refers to ios.o(i._ZNSt8ios_base4InitC1Ev) for std::ios_base::Init::Init()
    main.o(i.__sti___8_main_cpp_main) refers to aeabi_atexit.o(.text) for __aeabi_atexit
    main.o(i.__sti___8_main_cpp_main) refers to cxa_guard_acquire.o(i.__cxa_guard_acquire) for __cxa_guard_acquire
    main.o(i.__sti___8_main_cpp_main) refers to main.o(i._ZNSt6locale2idC1Ev) for std::locale::id::id()
    main.o(i.__sti___8_main_cpp_main) refers to main.o(.data) for __rw::__rw_stream_initializer
    main.o(i.__sti___8_main_cpp_main) refers to ios.o(i._ZNSt8ios_base4InitD1Ev) for std::ios_base::Init::~Init()
    main.o(i.__sti___8_main_cpp_main) refers to main.o(.data__ZNSt8numpunctIcE2idE) for guard variable for std::numpunct<char>::id
    main.o(i.__sti___8_main_cpp_main) refers to main.o(.data__ZNSt7num_getIcSt19istreambuf_iteratorIcSt11char_traitsIcEEE2idE) for guard variable for std::num_get<char, std::istreambuf_iterator<char, std::char_traits<char>>>::id
    main.o(i.__sti___8_main_cpp_main) refers to main.o(.data__ZNSt7num_putIcSt19ostreambuf_iteratorIcSt11char_traitsIcEEE2idE) for guard variable for std::num_put<char, std::ostreambuf_iterator<char, std::char_traits<char>>>::id
    main.o(i.main) refers to uartbsp.o(i._Z11USART6_Initv) for USART6_Init()
    main.o(i.main) refers to main.o(t._ZStlsISt11char_traitsIcEERSt13basic_ostreamIcT_ES5_PKc) for std::basic_ostream<char, T1>& std::operator <<<std::char_traits<char>>(std::basic_ostream<char, T1>&, const char*)
    main.o(i.main) refers to main.o(t._ZNSirsERi) for std::basic_istream<char, std::char_traits<char>>::operator >>(int&)
    main.o(i.main) refers to new.o(i._Znwj) for operator new(unsigned)
    main.o(i.main) refers to main.o(t._ZN4__rw11__rw_insertIcSt11char_traitsIcEiEERSt13basic_ostreamIT_T0_ES7_T1_) for std::basic_ostream<T1, T2>& __rw::__rw_insert<char, std::char_traits<char>, int>(std::basic_ostream<T1, T2>&, T3)
    main.o(i.main) refers to array_del.o(i._ZdaPv) for operator delete[] (void*)
    main.o(i.main) refers to ios.o(.data) for std::cout
    main.o(i.main) refers to ios.o(.data) for std::cin
    main.o(.ARM.exidx) refers to main.o(i.main) for i.main
    main.o(.ARM.exidx) refers to main.o(i.__sti___8_main_cpp_main) for i.__sti___8_main_cpp_main
    main.o(.init_array) refers to main.o(i.__sti___8_main_cpp_main) for __sti___8_main_cpp_main
    main.o(.init_array) refers to init_aeabi.o(.text) for __cpp_initialize__aeabi_
    uartbsp.o(i.fgetc) refers to uartbsp.o(i._Z11USART6_readv) for USART6_read()
    uartbsp.o(i.fgetc) refers to uartbsp.o(i._Z12USART6_writei) for USART6_write(int)
    uartbsp.o(i.fputc) refers to uartbsp.o(i._Z12USART6_writei) for USART6_write(int)
    uartbsp.o(.ARM.exidx) refers to uartbsp.o(i._Z11USART2_Initv) for i._Z11USART2_Initv
    uartbsp.o(.ARM.exidx) refers to uartbsp.o(i._Z11USART6_Initv) for i._Z11USART6_Initv
    uartbsp.o(.ARM.exidx) refers to uartbsp.o(i._Z12USART2_writei) for i._Z12USART2_writei
    uartbsp.o(.ARM.exidx) refers to uartbsp.o(i._Z11USART2_readv) for i._Z11USART2_readv
    uartbsp.o(.ARM.exidx) refers to uartbsp.o(i._Z12USART6_writei) for i._Z12USART6_writei
    uartbsp.o(.ARM.exidx) refers to uartbsp.o(i._Z11USART6_readv) for i._Z11USART6_readv
    uartbsp.o(.ARM.exidx) refers to uartbsp.o(i.fgetc) for i.fgetc
    uartbsp.o(.ARM.exidx) refers to uartbsp.o(i.fputc) for i.fputc
    uartbsp.o(.ARM.exidx) refers to uartbsp.o(i.ferror) for i.ferror
    uartbsp.o(.ARM.exidx) refers to uartbsp.o(i.ftell) for i.ftell
    uartbsp.o(.ARM.exidx) refers to uartbsp.o(i.fclose) for i.fclose
    uartbsp.o(.ARM.exidx) refers to uartbsp.o(i.fseek) for i.fseek
    uartbsp.o(.ARM.exidx) refers to uartbsp.o(i.fflush) for i.fflush
    startup_stm32f407xx.o(STACK) refers (Special) to heapauxi.o(.text) for __use_two_region_memory
    startup_stm32f407xx.o(HEAP) refers (Special) to heapauxi.o(.text) for __use_two_region_memory
    startup_stm32f407xx.o(RESET) refers (Special) to heapauxi.o(.text) for __use_two_region_memory
    startup_stm32f407xx.o(RESET) refers to startup_stm32f407xx.o(STACK) for __initial_sp
    startup_stm32f407xx.o(RESET) refers to startup_stm32f407xx.o(.text) for Reset_Handler
    startup_stm32f407xx.o(.text) refers (Special) to heapauxi.o(.text) for __use_two_region_memory
    startup_stm32f407xx.o(.text) refers to system_stm32f4xx.o(i.SystemInit) for SystemInit
    startup_stm32f407xx.o(.text) refers to __main.o(!!!main) for __main
    startup_stm32f407xx.o(.text) refers to startup_stm32f407xx.o(HEAP) for Heap_Mem
    startup_stm32f407xx.o(.text) refers to startup_stm32f407xx.o(STACK) for Stack_Mem
    system_stm32f4xx.o(i.SystemCoreClockUpdate) refers to system_stm32f4xx.o(.data) for SystemCoreClock
[...]
    0x0800025a   0x0800025a   0x00000006   Code   RO         3691    .ARM.Collect$$_printf_percent$$00000010  c_w.l(_printf_llo.o)
    0x08000260   0x08000260   0x00000006   Code   RO         3692    .ARM.Collect$$_printf_percent$$00000011  c_w.l(_printf_llx.o)
    0x08000266   0x08000266   0x0000000a   Code   RO         4012    .ARM.Collect$$_printf_percent$$00000012  c_w.l(_printf_l.o)
    0x08000270   0x08000270   0x00000006   Code   RO         3676    .ARM.Collect$$_printf_percent$$00000013  c_w.l(_printf_c.o)
    0x08000276   0x08000276   0x00000006   Code   RO         4007    .ARM.Collect$$_printf_percent$$00000014  c_w.l(_printf_s.o)
    0x0800027c   0x0800027c   0x00000006   Code   RO         3690    .ARM.Collect$$_printf_percent$$00000015  c_w.l(_printf_lc.o)
    0x08000282   0x08000282   0x00000006   Code   RO         4013    .ARM.Collect$$_printf_percent$$00000016  c_w.l(_printf_ls.o)
    0x08000288   0x08000288   0x00000004   Code   RO         4010    .ARM.Collect$$_printf_percent$$00000017  c_w.l(_printf_percent_end.o)
    0x0800028c   0x0800028c   0x00000002   Code   RO         4231    .ARM.Collect$$libinit$$00000000  c_w.l(libinit.o)
    0x0800028e   0x0800028e   0x00000004   Code   RO         3746    .ARM.Collect$$libinit$$00000001  c_w.l(libinit2.o)
    0x08000292   0x08000292   0x00000000   Code   RO         3749    .ARM.Collect$$libinit$$00000004  c_w.l(libinit2.o)
    0x08000292   0x08000292   0x00000008   Code   RO         3750    .ARM.Collect$$libinit$$00000005  c_w.l(libinit2.o)
    0x0800029a   0x0800029a   0x00000000   Code   RO         3752    .ARM.Collect$$libinit$$0000000A  c_w.l(libinit2.o)
    0x0800029a   0x0800029a   0x00000000   Code   RO         3754    .ARM.Collect$$libinit$$0000000C  c_w.l(libinit2.o)
    0x0800029a   0x0800029a   0x00000000   Code   RO         3756    .ARM.Collect$$libinit$$0000000E  c_w.l(libinit2.o)
    0x0800029a   0x0800029a   0x00000006   Code   RO         3757    .ARM.Collect$$libinit$$0000000F  c_w.l(libinit2.o)
    0x080002a0   0x080002a0   0x00000000   Code   RO         3759    .ARM.Collect$$libinit$$00000011  c_w.l(libinit2.o)
    0x080002a0   0x080002a0   0x0000000c   Code   RO         3760    .ARM.Collect$$libinit$$00000012  c_w.l(libinit2.o)
    0x080002ac   0x080002ac   0x00000000   Code   RO         3761    .ARM.Collect$$libinit$$00000013  c_w.l(libinit2.o)
    0x080002ac   0x080002ac   0x0000000a   Code   RO         3762    .ARM.Collect$$libinit$$00000014  c_w.l(libinit2.o)
    0x080002b6   0x080002b6   0x00000000   Code   RO         3763    .ARM.Collect$$libinit$$00000015  c_w.l(libinit2.o)
    0x080002b6   0x080002b6   0x0000000a   Code   RO         3764    .ARM.Collect$$libinit$$00000016  c_w.l(libinit2.o)
    0x080002c0   0x080002c0   0x00000000   Code   RO         3765    .ARM.Collect$$libinit$$00000017  c_w.l(libinit2.o)
    0x080002c0   0x080002c0   0x00000000   Code   RO         3767    .ARM.Collect$$libinit$$00000019  c_w.l(libinit2.o)
    0x080002c0   0x080002c0   0x00000000   Code   RO         3769    .ARM.Collect$$libinit$$0000001B  c_w.l(libinit2.o)
    0x080002c0   0x080002c0   0x00000000   Code   RO         3771    .ARM.Collect$$libinit$$0000001D  c_w.l(libinit2.o)
    0x080002c0   0x080002c0   0x00000000   Code   RO         3773    .ARM.Collect$$libinit$$0000001F  c_w.l(libinit2.o)
    0x080002c0   0x080002c0   0x00000000   Code   RO         3775    .ARM.Collect$$libinit$$00000021  c_w.l(libinit2.o)
    0x080002c0   0x080002c0   0x00000000   Code   RO         3777    .ARM.Collect$$libinit$$00000023  c_w.l(libinit2.o)
    0x080002c0   0x080002c0   0x00000000   Code   RO         3779    .ARM.Collect$$libinit$$00000025  c_w.l(libinit2.o)
    0x080002c0   0x080002c0   0x00000000   Code   RO         3783    .ARM.Collect$$libinit$$0000002C  c_w.l(libinit2.o)
    0x080002c0   0x080002c0   0x00000000   Code   RO         3785    .ARM.Collect$$libinit$$0000002E  c_w.l(libinit2.o)
    0x080002c0   0x080002c0   0x00000000   Code   RO         3787    .ARM.Collect$$libinit$$00000030  c_w.l(libinit2.o)
    0x080002c0   0x080002c0   0x00000004   Code   RO         3788    .ARM.Collect$$libinit$$00000031  c_w.l(libinit2.o)
    0x080002c4   0x080002c4   0x00000000   Code   RO         3789    .ARM.Collect$$libinit$$00000032  c_w.l(libinit2.o)
    0x080002c4   0x080002c4   0x00000002   Code   RO         3790    .ARM.Collect$$libinit$$00000033  c_w.l(libinit2.o)
    0x080002c6   0x080002c6   0x00000002   Code   RO         4340    .ARM.Collect$$libshutdown$$00000000  c_w.l(libshutdown.o)
    0x080002c8   0x080002c8   0x00000006   Code   RO         4056    .ARM.Collect$$libshutdown$$00000001  c_w.l(libshutdown2.o)
    0x080002ce   0x080002ce   0x00000000   Code   RO         4057    .ARM.Collect$$libshutdown$$00000002  c_w.l(libshutdown2.o)
    0x080002ce   0x080002ce   0x00000000   Code   RO         4059    .ARM.Collect$$libshutdown$$00000004  c_w.l(libshutdown2.o)
    0x080002ce   0x080002ce   0x00000000   Code   RO         4062    .ARM.Collect$$libshutdown$$00000007  c_w.l(libshutdown2.o)
    0x080002ce   0x080002ce   0x00000000   Code   RO         4065    .ARM.Collect$$libshutdown$$0000000A  c_w.l(libshutdown2.o)
    0x080002ce   0x080002ce   0x00000000   Code   RO         4067    .ARM.Collect$$libshutdown$$0000000C  c_w.l(libshutdown2.o)
    0x080002ce   0x080002ce   0x00000000   Code   RO         4070    .ARM.Collect$$libshutdown$$0000000F  c_w.l(libshutdown2.o)
    0x080002ce   0x080002ce   0x00000002   Code   RO         4071    .ARM.Collect$$libshutdown$$00000010  c_w.l(libshutdown2.o)
    0x080002d0   0x080002d0   0x00000000   Code   RO         3529    .ARM.Collect$$rtentry$$00000000  c_w.l(__rtentry.o)
    0x080002d0   0x080002d0   0x00000000   Code   RO         3935    .ARM.Collect$$rtentry$$00000002  c_w.l(__rtentry2.o)
    0x080002d0   0x080002d0   0x00000006   Code   RO         3947    .ARM.Collect$$rtentry$$00000004  c_w.l(__rtentry4.o)
    0x080002d6   0x080002d6   0x00000000   Code   RO         3937    .ARM.Collect$$rtentry$$00000009  c_w.l(__rtentry2.o)
    0x080002d6   0x080002d6   0x00000004   Code   RO         3938    .ARM.Collect$$rtentry$$0000000A  c_w.l(__rtentry2.o)
    0x080002da   0x080002da   0x00000000   Code   RO         3940    .ARM.Collect$$rtentry$$0000000C  c_w.l(__rtentry2.o)
    0x080002da   0x080002da   0x00000008   Code   RO         3941    .ARM.Collect$$rtentry$$0000000D  c_w.l(__rtentry2.o)
    0x080002e2   0x080002e2   0x00000002   Code   RO         4258    .ARM.Collect$$rtexit$$00000000  c_w.l(rtexit.o)
    0x080002e4   0x080002e4   0x00000000   Code   RO         4294    .ARM.Collect$$rtexit$$00000002  c_w.l(rtexit2.o)
    0x080002e4   0x080002e4   0x00000004   Code   RO         4295    .ARM.Collect$$rtexit$$00000003  c_w.l(rtexit2.o)
    0x080002e8   0x080002e8   0x00000006   Code   RO         4296    .ARM.Collect$$rtexit$$00000004  c_w.l(rtexit2.o)
    0x080002ee   0x080002ee   0x00000002   PAD
    0x080002f0   0x080002f0   0x00000000   Code   RO         4155    .emb_text           c_w.l(maybetermalloc1.o)
    0x080002f0   0x080002f0   0x00000040   Code   RO         1907    .text               startup_stm32f407xx.o
    0x08000330   0x08000330   0x0000002e   Code   RO         1979    .text               c_w.l(aeabi_atexit.o)
    0x0800035e   0x0800035e   0x0000003e   Code   RO         1982    .text               c_w.l(strlen.o)
    0x0800039c   0x0800039c   0x0000008a   Code   RO         1984    .text               c_w.l(rt_memcpy_v6.o)
    0x08000426   0x08000426   0x00000084   Code   RO         1986    .text               c_w.l(rt_memmove_v6.o)
    0x080004aa   0x080004aa   0x00000006   Code   RO         1988    .text               c_w.l(heapauxi.o)
    0x080004b0   0x080004b0   0x00000024   Code   RO         1995    .text               c_w.l(init_aeabi.o)
    0x080004d4   0x080004d4   0x00000010   Code   RO         3530    .text               c_w.l(rt_ctype_table.o)
    0x080004e4   0x080004e4   0x00000008   Code   RO         3535    .text               c_w.l(rt_new_handler_addr_intlibspace.o)
    0x080004ec   0x080004ec   0x00000008   Code   RO         3540    .text               c_w.l(rt_ddtor_pointer_addr_intlibspace.o)
    0x080004f4   0x080004f4   0x0000005e   Code   RO         3546    .text               c_w.l(h1_alloc.o)
    0x08000552   0x08000552   0x0000004e   Code   RO         3548    .text               c_w.l(h1_free.o)
    0x080005a0   0x080005a0   0x00000014   Code   RO         3604    .text               c_w.l(fprintf.o)
    0x080005b4   0x080005b4   0x00000034   Code   RO         3608    .text               c_w.l(vsnprintf.o)
    0x080005e8   0x080005e8   0x0000002c   Code   RO         3610    .text               c_w.l(__2sprintf.o)
    0x08000614   0x08000614   0x0000004e   Code   RO         3616    .text               c_w.l(_printf_pad.o)
    0x08000662   0x08000662   0x00000024   Code   RO         3618    .text               c_w.l(_printf_truncate.o)
    0x08000686   0x08000686   0x00000052   Code   RO         3620    .text               c_w.l(_printf_str.o)
    0x080006d8   0x080006d8   0x00000078   Code   RO         3622    .text               c_w.l(_printf_dec.o)
    0x08000750   0x08000750   0x000000bc   Code   RO         3624    .text               c_w.l(_printf_wctomb.o)
    0x0800080c   0x0800080c   0x0000007c   Code   RO         3627    .text               c_w.l(_printf_longlong_dec.o)
    0x08000888   0x08000888   0x00000070   Code   RO         3633    .text               c_w.l(_printf_oct_int_ll.o)
    0x080008f8   0x080008f8   0x00000094   Code   RO         3653    .text               c_w.l(_printf_hex_int_ll_ptr.o)
    0x0800098c   0x0800098c   0x00000188   Code   RO         3673    .text               c_w.l(__printf_flags_ss_wp.o)
    0x08000b14   0x08000b14   0x0000003c   Code   RO         3693    .text               c_w.l(sscanf.o)
    0x08000b50   0x08000b50   0x0000000c   Code   RO         3697    .text               c_w.l(clearerr.o)
    0x08000b5c   0x08000b5c   0x00000032   Code   RO         3699    .text               c_w.l(fwrite.o)
    0x08000b8e   0x08000b8e   0x0000001a   Code   RO         3701    .text               c_w.l(fread_bytes_avail_replaced.o)
    0x08000ba8   0x08000ba8   0x00000010   Code   RO         3705    .text               c_w.l(locale.o)
    0x08000bb8   0x08000bb8   0x00000010   Code   RO         3708    .text               c_w.l(localeconv.o)
    0x08000bc8   0x08000bc8   0x0000000e   Code   RO         3711    .text               c_w.l(mbsinit.o)
    0x08000bd6   0x08000bd6   0x00000016   Code   RO         3719    .text               c_w.l(abort.o)
    0x08000bec   0x08000bec   0x00000042   Code   RO         3721    .text               c_w.l(cxa_finalize.o)
    0x08000c2e   0x08000c2e   0x00000048   Code   RO         3728    .text               c_w.l(strcpy.o)
    0x08000c76   0x08000c76   0x00000016   Code   RO         3730    .text               c_w.l(strrchr.o)
    0x08000c8c   0x08000c8c   0x00000006   Code   RO         3732    .text               c_w.l(wmemmove.o)
    0x08000c92   0x08000c92   0x00000018   Code   RO         3734    .text               c_w.l(strcat.o)
    0x08000caa   0x08000caa   0x00000008   Code   RO         3736    .text               c_w.l(memcpy.o)
    0x08000cb2   0x08000cb2   0x00000064   Code   RO         3738    .text               c_w.l(rt_memcpy_w.o)
    0x08000d16   0x08000d16   0x0000007a   Code   RO         3740    .text               c_w.l(rt_memmove_w.o)
    0x08000d90   0x08000d90   0x00000080   Code   RO         3744    .text               c_w.l(strcmpv7m.o)
    0x08000e10   0x08000e10   0x00000004   Code   RO         3849    .text               cpprt_w.l(arm_newhandler_noexceptions.o)
    0x08000e14   0x08000e14   0x00000002   Code   RO         3852    .text               cpprt_w.l(arm_rethrow_noexceptions.o)
    0x08000e16   0x08000e16   0x0000000e   Code   RO         3894    .text               cpprt_w.l(aeabi_vec_delete_noexceptions.o)
    0x08000e24   0x08000e24   0x0000000c   Code   RO         3927    .text               c_w.l(sys_exit.o)
    0x08000e30   0x08000e30   0x00000008   Code   RO         3929    .text               c_w.l(libspace.o)
    0x08000e38   0x08000e38   0x00000008   Code   RO         3952    .text               c_w.l(rt_heap_descriptor_intlibspace.o)
    0x08000e40   0x08000e40   0x00000008   Code   RO         3957    .text               c_w.l(rt_locale_intlibspace.o)
    0x08000e48   0x08000e48   0x00000008   Code   RO         3962    .text               c_w.l(rt_errno_addr_intlibspace.o)
    0x08000e50   0x08000e50   0x00000004   Code   RO         3964    .text               c_w.l(hguard.o)
    0x08000e54   0x08000e54   0x0000008a   Code   RO         3966    .text               c_w.l(init_alloc.o)
    0x08000ede   0x08000ede   0x0000000e   Code   RO         3970    .text               c_w.l(h1_init.o)
    0x08000eec   0x08000eec   0x0000008a   Code   RO         3984    .text               c_w.l(lludiv10.o)
    0x08000f76   0x08000f76   0x000000b2   Code   RO         3986    .text               c_w.l(_printf_intcommon.o)
    0x08001028   0x08001028   0x00000028   Code   RO         3988    .text               c_w.l(_printf_charcount.o)
    0x08001050   0x08001050   0x0000041e   Code   RO         3990    .text               c_w.l(_printf_fp_dec.o)
    0x0800146e   0x0800146e   0x00000002   PAD
    0x08001470   0x08001470   0x000002fc   Code   RO         3992    .text               c_w.l(_printf_fp_hex.o)
    0x0800176c   0x0800176c   0x00000030   Code   RO         3995    .text               c_w.l(_printf_char_common.o)
    0x0800179c   0x0800179c   0x0000000a   Code   RO         3997    .text               c_w.l(_sputc.o)
    0x080017a6   0x080017a6   0x00000010   Code   RO         3999    .text               c_w.l(_snputc.o)
    0x080017b6   0x080017b6   0x0000002c   Code   RO         4001    .text               c_w.l(_printf_char.o)
    0x080017e2   0x080017e2   0x00000002   PAD
    0x080017e4   0x080017e4   0x00000024   Code   RO         4003    .text               c_w.l(_printf_char_file.o)
    0x08001808   0x08001808   0x0000002c   Code   RO         4005    .text               c_w.l(_printf_wchar.o)
    0x08001834   0x08001834   0x00000156   Code   RO         4014    .text               c_w.l(_scanf_longlong.o)
    0x0800198a   0x0800198a   0x0000014c   Code   RO         4016    .text               c_w.l(_scanf_int.o)
    0x08001ad6   0x08001ad6   0x000000e0   Code   RO         4018    .text               c_w.l(_scanf_str.o)
    0x08001bb6   0x08001bb6   0x00000002   PAD
    0x08001bb8   0x08001bb8   0x0000002c   Code   RO         4020    .text               c_w.l(scanf_char.o)
    0x08001be4   0x08001be4   0x00000040   Code   RO         4022    .text               c_w.l(_sgetc.o)
    0x08001c24   0x08001c24   0x00000114   Code   RO         4026    .text               c_w.l(_scanf_mbtowc.o)
    0x08001d38   0x08001d38   0x000000e8   Code   RO         4028    .text               c_w.l(_scanf_wctomb.o)
    0x08001e20   0x08001e20   0x000000d0   Code   RO         4030    .text               c_w.l(_scanf_wstr.o)
    0x08001ef0   0x08001ef0   0x00000072   Code   RO         4032    .text               c_w.l(_lconv.o)
    0x08001f62   0x08001f62   0x00000002   PAD
    0x08001f64   0x08001f64   0x000001b8   Code   RO         4034    .text               c_w.l(locale_r.o)
    0x0800211c   0x0800211c   0x0000003c   Code   RO         4036    .text               c_w.l(_mbrtowc.o)
    0x08002158   0x08002158   0x00000040   Code   RO         4038    .text               c_w.l(_wcrtomb.o)
    0x08002198   0x08002198   0x0000000e   Code   RO         4046    .text               c_w.l(defsig_abrt_outer.o)
    0x080021a6   0x080021a6   0x00000008   Code   RO         4050    .text               c_w.l(memmove.o)
    0x080021ae   0x080021ae   0x0000001a   Code   RO         4114    .text               cpprt_w.l(arm_exceptions_terminate.o)
    0x080021c8   0x080021c8   0x00000050   Code   RO         4124    .text               cpprt_w.l(arm_exceptions_globs.o)
    0x08002218   0x08002218   0x00000002   Code   RO         4141    .text               c_w.l(use_no_semi.o)
    0x0800221a   0x0800221a   0x00000000   Code   RO         4143    .text               c_w.l(indicate_semi.o)
    0x0800221a   0x0800221a   0x0000004a   Code   RO         4144    .text               c_w.l(sys_stackheap_outer.o)
    0x08002264   0x08002264   0x00000008   Code   RO         4151    .text               c_w.l(rt_eh_globals_addr_intlibspace.o)
    0x0800226c   0x0800226c   0x00000034   Code   RO         4157    .text               c_w.l(h1_extend.o)
    0x080022a0   0x080022a0   0x00000012   Code   RO         4161    .text               c_w.l(isspace.o)
    0x080022b2   0x080022b2   0x00000002   PAD
    0x080022b4   0x080022b4   0x00000080   Code   RO         4163    .text               c_w.l(_printf_fp_infnan.o)
    0x08002334   0x08002334   0x0000001c   Code   RO         4167    .text               c_w.l(_chval.o)
    0x08002350   0x08002350   0x00000374   Code   RO         4169    .text               c_w.l(_scanf.o)
    0x080026c4   0x080026c4   0x000004f8   Code   RO         4171    .text               c_w.l(scanf_fp.o)
    0x08002bbc   0x08002bbc   0x0000001e   Code   RO         4175    .text               c_w.l(_scanf_wcharmap.o)
    0x08002bda   0x08002bda   0x00000002   PAD
    0x08002bdc   0x08002bdc   0x000000e4   Code   RO         4177    .text               c_w.l(bigflt0.o)
    0x08002cc0   0x08002cc0   0x00000012   Code   RO         4209    .text               c_w.l(exit.o)
    0x08002cd2   0x08002cd2   0x0000000a   Code   RO         4211    .text               c_w.l(defsig_exit.o)
    0x08002cdc   0x08002cdc   0x00000030   Code   RO         4213    .text               c_w.l(defsig_abrt_inner.o)
    0x08002d0c   0x08002d0c   0x0000000e   Code   RO         4215    .text               c_w.l(defsig_rtmem_outer.o)
    0x08002d1a   0x08002d1a   0x00000022   Code   RO         4238    .text               cpprt_w.l(aeabi_vec_dtor_noexceptions.o)
    0x08002d3c   0x08002d3c   0x0000003c   Code   RO         4244    .text               cpprt_w.l(arm_exceptions_mem.o)
    0x08002d78   0x08002d78   0x00000032   Code   RO         4266    .text               c_w.l(defsig_general.o)
    0x08002daa   0x08002daa   0x00000002   PAD
    0x08002dac   0x08002dac   0x00000050   Code   RO         4268    .text               c_w.l(defsig_rtmem_inner.o)
    0x08002dfc   0x08002dfc   0x0000001c   Code   RO         4270    .text               cpprt_w.l(ARM_vec_cleanup_noexceptions.o)
    0x08002e18   0x08002e18   0x0000000e   Code   RO         4291    .text               c_w.l(sys_wrch.o)
    0x08002e26   0x08002e26   0x00000016   Code   RO         4304    .text               c_w.l(_rserrno.o)
    0x08002e3c   0x08002e3c   0x00000320   Code   RO         4306    .text               c_w.l(scanf_hexfp.o)
    0x0800315c   0x0800315c   0x00000134   Code   RO         4308    .text               c_w.l(scanf_infnan.o)
    0x08003290   0x08003290   0x00000026   Code   RO         4322    .text               c_w.l(llshl.o)
    0x080032b6   0x080032b6   0x0000003e   Code   RO         4180    CL$$btod_d2e        c_w.l(btod.o)
    0x080032f4   0x080032f4   0x00000046   Code   RO         4182    CL$$btod_d2e_denorm_low  c_w.l(btod.o)
    0x0800333a   0x0800333a   0x00000060   Code   RO         4181    CL$$btod_d2e_norm_op1  c_w.l(btod.o)
    0x0800339a   0x0800339a   0x00000338   Code   RO         4190    CL$$btod_div_common  c_w.l(btod.o)
    0x080036d2   0x080036d2   0x00000002   PAD
    0x080036d4   0x080036d4   0x00000084   Code   RO         4188    CL$$btod_e2d        c_w.l(btod.o)
    0x08003758   0x08003758   0x000000dc   Code   RO         4187    CL$$btod_e2e        c_w.l(btod.o)
    0x08003834   0x08003834   0x0000002a   Code   RO         4184    CL$$btod_ediv       c_w.l(btod.o)
    0x0800385e   0x0800385e   0x0000002a   Code   RO         4186    CL$$btod_edivd      c_w.l(btod.o)
    0x08003888   0x08003888   0x0000002a   Code   RO         4183    CL$$btod_emul       c_w.l(btod.o)
    0x080038b2   0x080038b2   0x0000002a   Code   RO         4185    CL$$btod_emuld      c_w.l(btod.o)
    0x080038dc   0x080038dc   0x00000244   Code   RO         4189    CL$$btod_mult_common  c_w.l(btod.o)
    0x08003b20   0x08003b20   0x00000014   Code   RO         3094    i.<Func5>           cpp_ws.l(locale.o)
    0x08003b34   0x08003b34   0x00000064   Code   RO         1915    i.SystemInit        system_stm32f4xx.o
    0x08003b98   0x08003b98   0x00000094   Code   RO         1782    i._Z11USART6_Initv  uartbsp.o
    0x08003c2c   0x08003c2c   0x0000001c   Code   RO         1783    i._Z11USART6_readv  uartbsp.o
    0x08003c48   0x08003c48   0x0000001c   Code   RO         1785    i._Z12USART6_writei  uartbsp.o
    0x08003c64   0x08003c64   0x00000020   Code   RO         4072    i._Z7catgetsPN4__rw8__rw_catEiiPKc  cpp_ws.l(rwcats.o)
    0x08003c84   0x08003c84   0x00000022   Code   RO         4073    i._Z7catopenPKci    cpp_ws.l(rwcats.o)
    0x08003ca6   0x08003ca6   0x00000058   Code   RO         3257    i._ZN37_INTERNAL_15_rwstdexcept_cpp_8697b68a4__rw13__rw_vfmatstrEPcjPKcSt9__va_list  cpp_ws.l(rwstdexcept.o)
    0x08003cfe   0x08003cfe   0x00000002   PAD
    0x08003d00   0x08003d00   0x0000014c   Code   RO         3258    i._ZN37_INTERNAL_15_rwstdexcept_cpp_8697b68a4__rw13__rw_vfmatstrEPcjiSt9__va_list  cpp_ws.l(rwstdexcept.o)
    0x08003e4c   0x08003e4c   0x0000005c   Code   RO         3260    i._ZN4__rw10__rw_throwEiz  cpp_ws.l(rwstdexcept.o)
    0x08003ea8   0x08003ea8   0x0000002c   Code   RO         2575    i._ZN4__rw11__rw_file_t11_C_get_modeEPSt6__FILE  cpp_ws.l(ios.o)
    0x08003ed4   0x08003ed4   0x00000028   Code   RO         2704    i._ZN4__rw11__rw_file_t7_C_readEPvjj  cpp_ws.l(ios.o)
    0x08003efc   0x08003efc   0x0000001c   Code   RO         2776    i._ZN4__rw11__rw_file_t7_C_seekEli  cpp_ws.l(ios.o)
    0x08003f18   0x08003f18   0x00000020   Code   RO         2685    i._ZN4__rw11__rw_file_t8_C_writeEPKvjj  cpp_ws.l(ios.o)
    0x08003f38   0x08003f38   0x00000020   Code   RO         3249    i._ZN4__rw13__rw_allocateEji  cpp_ws.l(rwalloc.o)
    0x08003f58   0x08003f58   0x00000004   Code   RO         3250    i._ZN4__rw15__rw_deallocateEPvji  cpp_ws.l(rwalloc.o)
    0x08003f5c   0x08003f5c   0x00000004   Code   RO          517    i._ZN4__rw15__rw_facet_base10_C_set_refEj  main.o
    0x08003f60   0x08003f60   0x00000002   Code   RO          839    i._ZN4__rw15__rw_facet_base12_C_initfacetERKSt6locale  main.o
    0x08003f62   0x08003f62   0x00000002   PAD
    0x08003f64   0x08003f64   0x000000ec   Code   RO         3197    i._ZN4__rw15__rw_locale_impC1EPKcjj  cpp_ws.l(locale.o)
    0x08004050   0x08004050   0x0000001a   Code   RO         2528    i._ZN4__rw15__rw_locale_impD1Ev  cpp_ws.l(ios.o)
    0x0800406a   0x0800406a   0x0000000c   Code   RO         2198    i._ZN4__rw15__rw_punct_dataIcED1Ev  cpp_ws.l(char.o)
    0x08004076   0x08004076   0x00000020   Code   RO          152    i._ZN4__rw17__rw_digit_readerIcSt19istreambuf_iteratorIcSt11char_traitsIcEEED1Ev  main.o
    0x08004096   0x08004096   0x0000000e   Code   RO          821    i._ZN4__rw17__rw_digit_writerIcSt19ostreambuf_iteratorIcSt11char_traitsIcEEED1Ev  main.o
    0x080040a4   0x080040a4   0x00000008   Code   RO         2189    i._ZN4__rw18__rw_numpunct_implIcED1Ev  cpp_ws.l(char.o)
    0x080040ac   0x080040ac   0x0000003a   Code   RO         3095    i._ZN4__rw21__rw_use_c_lib_localeC1EPKci  cpp_ws.l(locale.o)
    0x080040e6   0x080040e6   0x00000018   Code   RO         2165    i._ZN4__rw21__rw_use_c_lib_localeD1Ev  cpp_ws.l(char.o)
    0x080040fe   0x080040fe   0x00000054   Code   RO         3345    i._ZN4__rw22__rw_digit_reader_base10_C_reallocERPcS1_Rj  cpp_ws.l(vendor.o)
    0x08004152   0x08004152   0x00000058   Code   RO         3348    i._ZN4__rw22__rw_digit_reader_base16_C_parse_decimalEPKcS2_  cpp_ws.l(vendor.o)
    0x080041aa   0x080041aa   0x00000014   Code   RO          583    i._ZN4__rw22__rw_digit_reader_base8_C_parseEPKcl  main.o
    0x080041be   0x080041be   0x000000d0   Code   RO         3350    i._ZN4__rw22__rw_digit_reader_base8_C_parseEPKcm  cpp_ws.l(vendor.o)
    0x0800428e   0x0800428e   0x00000046   Code   RO         3355    i._ZN4__rw22__rw_digit_writer_base11_C_digitizeEmbPKc  cpp_ws.l(vendor.o)
    0x080042d4   0x080042d4   0x00000044   Code   RO         3357    i._ZN4__rw22__rw_digit_writer_base12_C_to_binaryEm  cpp_ws.l(vendor.o)
    0x08004318   0x08004318   0x0000004a   Code   RO         3359    i._ZN4__rw22__rw_digit_writer_base14_C_calc_groupsEiPKc  cpp_ws.l(vendor.o)
    0x08004362   0x08004362   0x0000006c   Code   RO         3360    i._ZN4__rw22__rw_digit_writer_base14_C_get_patternEPcPKcb  cpp_ws.l(vendor.o)
    0x080043ce   0x080043ce   0x00000002   PAD
    0x080043d0   0x080043d0   0x00000070   Code   RO          830    i._ZN4__rw22__rw_digit_writer_baseC1ERSt8ios_base  main.o
    0x08004440   0x08004440   0x00000020   Code   RO          326    i._ZN4__rw22__rw_digit_writer_baseD1Ev  main.o
    0x08004460   0x08004460   0x00000094   Code   RO         3096    i._ZN4__rw23__rw_numpunct_impl_base18_C_get_named_init_EPKc  cpp_ws.l(locale.o)
    0x080044f4   0x080044f4   0x00000016   Code   RO         2195    i._ZN4__rw23__rw_numpunct_impl_dataIcED1Ev  cpp_ws.l(char.o)
    0x0800450a   0x0800450a   0x0000000e   Code   RO          917    i._ZN4__rw24__rw_digit_writer_base_1IcED1Ev  main.o
    0x08004518   0x08004518   0x00000098   Code   RO         4096    i._ZN4__rw25__rw_throw_exception_noexEiPc  cpp_ws.l(rwthrowproc_impl_noex.o)
    0x080045b0   0x080045b0   0x00000030   Code   RO         4076    i._ZN4__rw9__catfindEPNS_8__rw_catE  cpp_ws.l(rwcats.o)
    0x080045e0   0x080045e0   0x0000000a   Code   RO         2764    i._ZNK4__rw11__rw_file_t10_C_is_openEv  cpp_ws.l(ios.o)
    0x080045ea   0x080045ea   0x00000002   PAD
    0x080045ec   0x080045ec   0x00000020   Code   RO          457    i._ZNKSo10_C_is_coutEv  main.o
    0x0800460c   0x0800460c   0x00000044   Code   RO           64    i._ZNKSo9_C_is_stdEv  main.o
    0x08004650   0x08004650   0x00000004   Code   RO         3339    i._ZNKSt14__rw_exception4whatEv  cpp_ws.l(rwstdexcept.o)
    0x08004654   0x08004654   0x00000072   Code   RO         3791    i._ZNKSt18__rw_messages_base11_C_cat_openERKSsRKSt6locale  cpp_ws.l(messages.o)
    0x080046c6   0x080046c6   0x00000020   Code   RO         3794    i._ZNKSt18__rw_messages_base13_C_get_localeEi  cpp_ws.l(messages.o)
    0x080046e6   0x080046e6   0x00000034   Code   RO         3795    i._ZNKSt18__rw_messages_base14_C_get_messageEiii  cpp_ws.l(messages.o)
    0x0800471a   0x0800471a   0x0000000e   Code   RO         2135    i._ZNKSt5ctypeIcE2isENSt10ctype_base4maskEc  cpp_ws.l(char.o)
    0x08004728   0x08004728   0x00000010   Code   RO         2156    i._ZNKSt5ctypeIcE8do_widenEPKcS2_Pc  cpp_ws.l(char.o)
    0x08004738   0x08004738   0x00000004   Code   RO         2153    i._ZNKSt5ctypeIcE8do_widenEc  cpp_ws.l(char.o)
    0x0800473c   0x0800473c   0x00000004   Code   RO         2882    i._ZNKSt5ctypeIwE8do_widenEc  cpp_ws.l(ios.o)
    0x08004740   0x08004740   0x00000028   Code   RO         2322    i._ZNKSt6locale12_C_use_facetERKNS_2idEbiPFPN4__rw15__rw_facet_baseEiPKcjE  cpp_ws.l(ios.o)
    0x08004768   0x08004768   0x00000108   Code   RO         3100    i._ZNKSt6locale13_C_make_facetERKNS_2idEbiPFPN4__rw15__rw_facet_baseEiPKcjE  cpp_ws.l(locale.o)
    0x08004870   0x08004870   0x00000074   Code   RO         3102    i._ZNKSt6locale16_C_install_facetEPN4__rw15__rw_facet_baseERKNS_2idE  cpp_ws.l(locale.o)
    0x080048e4   0x080048e4   0x00000030   Code   RO         3103    i._ZNKSt6locale4nameEv  cpp_ws.l(locale.o)
    0x08004914   0x08004914   0x00000008   Code   RO         2933    i._ZNKSt7codecvtIccSt11__mbstate_tE10do_unshiftERS0_PcS3_RS3_  cpp_ws.l(ios.o)
    0x0800491c   0x0800491c   0x00000004   Code   RO         2936    i._ZNKSt7codecvtIccSt11__mbstate_tE11do_encodingEv  cpp_ws.l(ios.o)
    0x08004920   0x08004920   0x0000000a   Code   RO         2619    i._ZNKSt7codecvtIccSt11__mbstate_tE13always_noconvEv  cpp_ws.l(ios.o)
    0x0800492a   0x0800492a   0x00000004   Code   RO         2939    i._ZNKSt7codecvtIccSt11__mbstate_tE16do_always_noconvEv  cpp_ws.l(ios.o)
    0x0800492e   0x0800492e   0x0000001c   Code   RO         2610    i._ZNKSt7codecvtIccSt11__mbstate_tE3outERS0_PKcS4_RS4_PcS6_RS6_  cpp_ws.l(ios.o)
    0x0800494a   0x0800494a   0x0000000e   Code   RO         2930    i._ZNKSt7codecvtIccSt11__mbstate_tE5do_inERS0_PKcS4_RS4_PcS6_RS6_  cpp_ws.l(ios.o)
    0x08004958   0x08004958   0x0000000e   Code   RO         2927    i._ZNKSt7codecvtIccSt11__mbstate_tE6do_outERS0_PKcS4_RS4_PcS6_RS6_  cpp_ws.l(ios.o)
    0x08004966   0x08004966   0x0000000a   Code   RO         2614    i._ZNKSt7codecvtIccSt11__mbstate_tE8encodingEv  cpp_ws.l(ios.o)
    0x08004970   0x08004970   0x00000004   Code   RO         2966    i._ZNKSt7codecvtIwcSt11__mbstate_tE11do_encodingEv  cpp_ws.l(ios.o)
    0x08004974   0x08004974   0x0000000a   Code   RO         2641    i._ZNKSt7codecvtIwcSt11__mbstate_tE13always_noconvEv  cpp_ws.l(ios.o)
    0x0800497e   0x0800497e   0x00000004   Code   RO         2963    i._ZNKSt7codecvtIwcSt11__mbstate_tE16do_always_noconvEv  cpp_ws.l(ios.o)
    0x08004982   0x08004982   0x0000001c   Code   RO         2632    i._ZNKSt7codecvtIwcSt11__mbstate_tE3outERS0_PKwS4_RS4_PcS6_RS6_  cpp_ws.l(ios.o)
    0x0800499e   0x0800499e   0x00000030   Code   RO         2954    i._ZNKSt7codecvtIwcSt11__mbstate_tE6do_outERS0_PKwS4_RS4_PcS6_RS6_  cpp_ws.l(ios.o)
    0x080049ce   0x080049ce   0x0000000a   Code   RO         2636    i._ZNKSt7codecvtIwcSt11__mbstate_tE8encodingEv  cpp_ws.l(ios.o)
    0x080049d8   0x080049d8   0x00000006   Code   RO          463    i._ZNKSt8ios_base5flagsEv  main.o
    0x080049de   0x080049de   0x00000038   Code   RO          193    i._ZNKSt8ios_base7_C_baseEv  main.o
    0x08004a16   0x08004a16   0x00000010   Code   RO         2745    i._ZNSt11char_traitsIcE11eq_int_typeERKiS2_  cpp_ws.l(ios.o)
    0x08004a26   0x08004a26   0x00000006   Code   RO          469    i._ZNSt11char_traitsIcE11to_int_typeERKc  main.o
    0x08004a2c   0x08004a2c   0x0000000c   Code   RO         2113    i._ZNSt11char_traitsIcE4copyEPcPKcj  cpp_ws.l(char.o)
    0x08004a38   0x08004a38   0x0000000c   Code   RO         2506    i._ZNSt11char_traitsIcE4moveEPcPKcj  cpp_ws.l(ios.o)
    0x08004a44   0x08004a44   0x0000000c   Code   RO          432    i._ZNSt11char_traitsIcE6lengthEPKc  main.o
    0x08004a50   0x08004a50   0x0000001c   Code   RO         2509    i._ZNSt11char_traitsIcE7not_eofERKi  cpp_ws.l(ios.o)
    0x08004a6c   0x08004a6c   0x00000010   Code   RO         2748    i._ZNSt11char_traitsIwE11eq_int_typeERKiS2_  cpp_ws.l(ios.o)
    0x08004a7c   0x08004a7c   0x0000000c   Code   RO         2515    i._ZNSt11char_traitsIwE4moveEPwPKwj  cpp_ws.l(ios.o)
    0x08004a88   0x08004a88   0x0000001c   Code   RO         2518    i._ZNSt11char_traitsIwE7not_eofERKi  cpp_ws.l(ios.o)
    0x08004aa4   0x08004aa4   0x000000cc   Code   RO         2002    i._ZNSt12ctype_bynameIcE17_C_get_mask_tableEPKc  cpp_ws.l(char.o)
    0x08004b70   0x08004b70   0x00000120   Code   RO         2004    i._ZNSt12ctype_bynameIcEC1EPKcj  cpp_ws.l(char.o)
    0x08004c90   0x08004c90   0x0000000e   Code   RO         2223    i._ZNSt12ctype_bynameIcED0Ev  cpp_ws.l(char.o)
    0x08004c9e   0x08004c9e   0x00000008   Code   RO         2220    i._ZNSt12ctype_bynameIcED1Ev  cpp_ws.l(char.o)
    0x08004ca6   0x08004ca6   0x00000002   PAD
    0x08004ca8   0x08004ca8   0x00000084   Code   RO         3263    i._ZNSt14__rw_exception10_C_vformatEiSt9__va_list  cpp_ws.l(rwstdexcept.o)
    0x08004d2c   0x08004d2c   0x00000014   Code   RO         3310    i._ZNSt14__rw_exceptionC1Ev  cpp_ws.l(rwstdexcept.o)
    0x08004d40   0x08004d40   0x0000001c   Code   RO         3333    i._ZNSt14__rw_exceptionD1Ev  cpp_ws.l(rwstdexcept.o)
    0x08004d5c   0x08004d5c   0x00000012   Code   RO          983    i._ZNSt15numpunct_bynameIcED0Ev  main.o
    0x08004d6e   0x08004d6e   0x0000000e   Code   RO          980    i._ZNSt15numpunct_bynameIcED1Ev  main.o
    0x08004d7c   0x08004d7c   0x00000008   Code   RO         3307    i._ZNSt18__rw_messages_baseD1Ev  cpp_ws.l(rwstdexcept.o)
    0x08004d84   0x08004d84   0x0000001a   Code   RO         3831    i._ZNSt18__rw_open_cat_dataC1Ev  cpp_ws.l(messages.o)
    0x08004d9e   0x08004d9e   0x0000000c   Code   RO         3828    i._ZNSt18__rw_open_cat_dataD1Ev  cpp_ws.l(messages.o)
    0x08004daa   0x08004daa   0x00000012   Code   RO         3834    i._ZNSt18__rw_open_cat_dataaSERKS_  cpp_ws.l(messages.o)
    0x08004dbc   0x08004dbc   0x000000fa   Code   RO         2006    i._ZNSt5ctypeIcE12_C_initfacetERKSt6locale  cpp_ws.l(char.o)
    0x08004eb6   0x08004eb6   0x00000002   PAD
    0x08004eb8   0x08004eb8   0x00000118   Code   RO         2008    i._ZNSt5ctypeIcEC1EPKNSt10ctype_base4maskEbj  cpp_ws.l(char.o)
    0x08004fd0   0x08004fd0   0x0000000e   Code   RO         2138    i._ZNSt5ctypeIcED0Ev  cpp_ws.l(char.o)
    0x08004fde   0x08004fde   0x00000002   PAD
    0x08004fe0   0x08004fe0   0x0000002c   Code   RO         2070    i._ZNSt5ctypeIcED1Ev  cpp_ws.l(char.o)
    0x0800500c   0x0800500c   0x00000018   Code   RO         2549    i._ZNSt5ctypeIwEC1Ej  cpp_ws.l(ios.o)
    0x08005024   0x08005024   0x0000000e   Code   RO         2894    i._ZNSt5ctypeIwED0Ev  cpp_ws.l(ios.o)
    0x08005032   0x08005032   0x00000008   Code   RO         2891    i._ZNSt5ctypeIwED1Ev  cpp_ws.l(ios.o)
    0x0800503a   0x0800503a   0x00000006   Code   RO          700    i._ZNSt6locale2idC1Ev  main.o
    0x08005040   0x08005040   0x00000014   Code   RO         2758    i._ZNSt6locale5facetC1Eji  cpp_ws.l(ios.o)
    0x08005054   0x08005054   0x0000000e   Code   RO         2849    i._ZNSt6locale5facetD0Ev  cpp_ws.l(ios.o)
    0x08005062   0x08005062   0x00000002   PAD
    0x08005064   0x08005064   0x00000084   Code   RO         3106    i._ZNSt6locale7_C_initEv  cpp_ws.l(locale.o)
    0x080050e8   0x080050e8   0x00000044   Code   RO         3108    i._ZNSt6locale7classicEv  cpp_ws.l(locale.o)
    0x0800512c   0x0800512c   0x00000020   Code   RO         3225    i._ZNSt6localeC1EPN4__rw15__rw_locale_impE  cpp_ws.l(locale.o)
    0x0800514c   0x0800514c   0x0000000c   Code   RO         2525    i._ZNSt6localeC1ERKS_  cpp_ws.l(ios.o)
    0x08005158   0x08005158   0x00000020   Code   RO         2521    i._ZNSt6localeC1Ev  cpp_ws.l(ios.o)
    0x08005178   0x08005178   0x00000020   Code   RO         2319    i._ZNSt6localeD1Ev  cpp_ws.l(ios.o)
    0x08005198   0x08005198   0x00000032   Code   RO         3116    i._ZNSt6localeaSERKS_  cpp_ws.l(locale.o)
    0x080051ca   0x080051ca   0x00000002   PAD
    0x080051cc   0x080051cc   0x00000014   Code   RO         2607    i._ZNSt7codecvtIccSt11__mbstate_tEC1Ej  cpp_ws.l(ios.o)
    0x080051e0   0x080051e0   0x0000000e   Code   RO         2951    i._ZNSt7codecvtIccSt11__mbstate_tED0Ev  cpp_ws.l(ios.o)
    0x080051ee   0x080051ee   0x00000008   Code   RO         2948    i._ZNSt7codecvtIccSt11__mbstate_tED1Ev  cpp_ws.l(ios.o)
    0x080051f6   0x080051f6   0x00000002   PAD
    0x080051f8   0x080051f8   0x00000014   Code   RO         2629    i._ZNSt7codecvtIwcSt11__mbstate_tEC1Ej  cpp_ws.l(ios.o)
    0x0800520c   0x0800520c   0x0000000e   Code   RO         2978    i._ZNSt7codecvtIwcSt11__mbstate_tED0Ev  cpp_ws.l(ios.o)
    0x0800521a   0x0800521a   0x00000008   Code   RO         2975    i._ZNSt7codecvtIwcSt11__mbstate_tED1Ev  cpp_ws.l(ios.o)
    0x08005222   0x08005222   0x00000012   Code   RO          818    i._ZNSt7num_getIcSt19istreambuf_iteratorIcSt11char_traitsIcEEED0Ev  main.o
    0x08005234   0x08005234   0x0000000e   Code   RO          323    i._ZNSt7num_getIcSt19istreambuf_iteratorIcSt11char_traitsIcEEED1Ev  main.o
    0x08005242   0x08005242   0x00000012   Code   RO          836    i._ZNSt7num_putIcSt19ostreambuf_iteratorIcSt11char_traitsIcEEED0Ev  main.o
    0x08005254   0x08005254   0x0000000e   Code   RO          429    i._ZNSt7num_putIcSt19ostreambuf_iteratorIcSt11char_traitsIcEEED1Ev  main.o
    0x08005262   0x08005262   0x00000002   PAD
    0x08005264   0x08005264   0x000000f8   Code   RO         2233    i._ZNSt8ios_base15_C_unsafe_clearEii  cpp_ws.l(ios.o)
    0x0800535c   0x0800535c   0x00000318   Code   RO         2235    i._ZNSt8ios_base4InitC1Ev  cpp_ws.l(ios.o)
    0x08005674   0x08005674   0x000000a8   Code   RO         2237    i._ZNSt8ios_base4InitD1Ev  cpp_ws.l(ios.o)
    0x0800571c   0x0800571c   0x0000000c   Code   RO          505    i._ZNSt8ios_base5widthEl  main.o
    0x08005728   0x08005728   0x00000008   Code   RO          511    i._ZNSt8ios_base6getlocEv  main.o
    0x08005730   0x08005730   0x00000024   Code   RO         2337    i._ZNSt8ios_baseC1Ev  cpp_ws.l(ios.o)
    0x08005754   0x08005754   0x0000000e   Code   RO         3319    i._ZNSt8messagesIcED0Ev  cpp_ws.l(rwstdexcept.o)
    0x08005762   0x08005762   0x00000010   Code   RO         3304    i._ZNSt8messagesIcED1Ev  cpp_ws.l(rwstdexcept.o)
    0x08005772   0x08005772   0x0000000e   Code   RO         2192    i._ZNSt8numpunctIcED0Ev  cpp_ws.l(char.o)
    0x08005780   0x08005780   0x00000010   Code   RO         2107    i._ZNSt8numpunctIcED1Ev  cpp_ws.l(char.o)
    0x08005790   0x08005790   0x0000000c   Code   RO         3871    i._ZNSt9exceptionC1Ev  cpprt_w.l(exception_ctor.o)
    0x0800579c   0x0800579c   0x0000003c   Code   RO         3812    i._ZSt13__rw_get_catsv  cpp_ws.l(messages.o)
    0x080057d8   0x080057d8   0x00000008   Code   RO         3404    i._ZdaPv            cpprt_w.l(array_del.o)
    0x080057e0   0x080057e0   0x00000008   Code   RO         3411    i._ZdlPv            cpprt_w.l(delete.o)
    0x080057e8   0x080057e8   0x00000008   Code   RO         3407    i._Znaj             cpprt_w.l(array_new.o)
    0x080057f0   0x080057f0   0x00000028   Code   RO         3414    i._Znwj             cpprt_w.l(new.o)
    0x08005818   0x08005818   0x00000092   Code   RO         4232    i.__ARM_array_new_general  cpprt_w.l(array_new_general.o)
    0x080058aa   0x080058aa   0x00000030   Code   RO         4256    i.__ARM_fpclassify  m_wm.l(fpclassify.o)
    0x080058da   0x080058da   0x00000010   Code   RO         4108    i.__aeabi_vec_dtor_cookie  cpprt_w.l(aeabi_vec_dtor_cookie.o)
    0x080058ea   0x080058ea   0x00000014   Code   RO         3897    i.__aeabi_vec_new_cookie  cpprt_w.l(aeabi_vec_new_cookie.o)
    0x080058fe   0x080058fe   0x00000010   Code   RO         3418    i.__cxa_guard_acquire  cpprt_w.l(cxa_guard_acquire.o)
    0x0800590e   0x0800590e   0x00000002   PAD
    0x08005910   0x08005910   0x00000018   Code   RO         4102    i.__cxa_vec_new     cpprt_w.l(cxa_vec_new.o)
    0x08005928   0x08005928   0x000000f8   Code   RO         4283    i.__hardfp___mathlib_tofloat  m_wm.l(narrow.o)
    0x08005a20   0x08005a20   0x000000d0   Code   RO         4345    i.__hardfp_ldexp    m_wm.l(ldexp.o)
    0x08005af0   0x08005af0   0x00000020   Code   RO         4369    i.__mathlib_dbl_overflow  m_wm.l(dunder.o)
    0x08005b10   0x08005b10   0x00000020   Code   RO         4371    i.__mathlib_dbl_underflow  m_wm.l(dunder.o)
    0x08005b30   0x08005b30   0x00000012   Code   RO         4284    i.__mathlib_narrow  m_wm.l(narrow.o)
    0x08005b42   0x08005b42   0x00000002   PAD
    0x08005b44   0x08005b44   0x00000010   Code   RO         3117    i.__sti___10_locale_cpp_ff99fc7b  cpp_ws.l(locale.o)
    0x08005b54   0x08005b54   0x00000038   Code   RO         4077    i.__sti___10_rwcats_cpp_64e8068e  cpp_ws.l(rwcats.o)
    0x08005b8c   0x08005b8c   0x00000010   Code   RO         2010    i.__sti___8_char_cpp_a3dc957a  cpp_ws.l(char.o)
    0x08005b9c   0x08005b9c   0x00000098   Code   RO            4    i.__sti___8_main_cpp_main  main.o
    0x08005c34   0x08005c34   0x00000014   Code   RO         4347    i.__support_ldexp   m_wm.l(ldexp.o)
    0x08005c48   0x08005c48   0x0000000e   Code   RO         3666    i._is_digit         c_w.l(__printf_wp.o)
    0x08005c56   0x08005c56   0x00000006   Code   RO         1787    i.ferror            uartbsp.o
    0x08005c5c   0x08005c5c   0x00000006   Code   RO         1788    i.fflush            uartbsp.o
    0x08005c62   0x08005c62   0x00000020   Code   RO         1789    i.fgetc             uartbsp.o
    0x08005c82   0x08005c82   0x0000000e   Code   RO         1790    i.fputc             uartbsp.o
    0x08005c90   0x08005c90   0x0000008c   Code   RO         4318    i.frexp             m_wm.l(frexp.o)
    0x08005d1c   0x08005d1c   0x00000006   Code   RO         1791    i.fseek             uartbsp.o
    0x08005d22   0x08005d22   0x00000006   Code   RO         1792    i.ftell             uartbsp.o
    0x08005d28   0x08005d28   0x0000012c   Code   RO            5    i.main              main.o
    0x08005e54   0x08005e54   0x0000002c   Code   RO         4041    locale$$code        c_w.l(lc_ctype_c.o)
    0x08005e80   0x08005e80   0x0000002c   Code   RO         4204    locale$$code        c_w.l(lc_monetary_c.o)
    0x08005eac   0x08005eac   0x0000002c   Code   RO         4207    locale$$code        c_w.l(lc_numeric_c.o)
    0x08005ed8   0x08005ed8   0x000000d2   Code   RO          108    t._ZN4__rw11__rw_insertIcSt11char_traitsIcEcEERSt13basic_ostreamIT_T0_ES7_PT1_ll  main.o
    0x08005faa   0x08005faa   0x00000002   PAD
    0x08005fac   0x08005fac   0x00000108   Code   RO          139    t._ZN4__rw11__rw_insertIcSt11char_traitsIcEiEERSt13basic_ostreamIT_T0_ES7_T1_  main.o
    0x080060b4   0x080060b4   0x000000dc   Code   RO          271    t._ZN4__rw12__rw_extractIcSt11char_traitsIcEiEERSt13basic_istreamIT_T0_ES7_RT1_  main.o
    0x08006190   0x08006190   0x00000014   Code   RO          679    t._ZN4__rw12__string_refIcSt11char_traitsIcESaIcEE10_C_inc_refEv  main.o
    0x080061a4   0x080061a4   0x00000066   Code   RO          661    t._ZN4__rw15__rw_num_do_getIcSt19istreambuf_iteratorIcSt11char_traitsIcEEiEET0_T_S5_S5_RSt8ios_baseRiRT1_  main.o
    0x0800620a   0x0800620a   0x00000046   Code   RO         2581    t._ZN4__rw16__rw_facet_makerISt5ctypeIcEE13_C_maker_funcEiPKcj  cpp_ws.l(ios.o)
    0x08006250   0x08006250   0x00000034   Code   RO         2554    t._ZN4__rw16__rw_facet_makerISt5ctypeIwEE13_C_maker_funcEiPKcj  cpp_ws.l(ios.o)
    0x08006284   0x08006284   0x00000034   Code   RO         2770    t._ZN4__rw16__rw_facet_makerISt7codecvtIccSt11__mbstate_tEE13_C_maker_funcEiPKcj  cpp_ws.l(ios.o)
    0x080062b8   0x080062b8   0x00000034   Code   RO         2779    t._ZN4__rw16__rw_facet_makerISt7codecvtIwcSt11__mbstate_tEE13_C_maker_funcEiPKcj  cpp_ws.l(ios.o)
    0x080062ec   0x080062ec   0x00000050   Code   RO          547    t._ZN4__rw16__rw_facet_makerISt7num_getIcSt19istreambuf_iteratorIcSt11char_traitsIcEEEE13_C_maker_funcEiPKcj  main.o
    0x0800633c   0x0800633c   0x00000050   Code   RO          529    t._ZN4__rw16__rw_facet_makerISt7num_putIcSt19ostreambuf_iteratorIcSt11char_traitsIcEEEE13_C_maker_funcEiPKcj  main.o
    0x0800638c   0x0800638c   0x00000080   Code   RO          649    t._ZN4__rw16__rw_facet_makerISt8numpunctIcEE13_C_maker_funcEiPKcj  main.o
    0x0800640c   0x0800640c   0x000001a8   Code   RO          199    t._ZN4__rw17__rw_digit_readerIcSt19istreambuf_iteratorIcSt11char_traitsIcEEE13_C_get_digitsEi  main.o
    0x080065b4   0x080065b4   0x00000078   Code   RO          187    t._ZN4__rw17__rw_digit_readerIcSt19istreambuf_iteratorIcSt11char_traitsIcEEE19_C_get_digit_groupsEPc  main.o
    0x0800662c   0x0800662c   0x000000f0   Code   RO          181    t._ZN4__rw17__rw_digit_readerIcSt19istreambuf_iteratorIcSt11char_traitsIcEEE19_C_get_digit_stringEPcb  main.o
    0x0800671c   0x0800671c   0x00000062   Code   RO          259    t._ZN4__rw17__rw_digit_readerIcSt19istreambuf_iteratorIcSt11char_traitsIcEEEC1ERS4_S6_RSt8ios_base  main.o
    0x0800677e   0x0800677e   0x000002fe   Code   RO          338    t._ZN4__rw17__rw_digit_writerIcSt19ostreambuf_iteratorIcSt11char_traitsIcEEE13_C_put_digitsEc  main.o
    0x08006a7c   0x08006a7c   0x0000004c   Code   RO          351    t._ZN4__rw17__rw_digit_writerIcSt19ostreambuf_iteratorIcSt11char_traitsIcEEEC1ERS4_RSt8ios_base  main.o
    0x08006ac8   0x08006ac8   0x00000056   Code   RO         3213    t._ZN4__rw18__rw_locale_vectorIPNS_15__rw_facet_baseEE6resizeEjRKS2_  cpp_ws.l(locale.o)
    0x08006b1e   0x08006b1e   0x0000000e   Code   RO         2751    t._ZN4__rw18__rw_locale_vectorIPNS_15__rw_facet_baseEED1Ev  cpp_ws.l(ios.o)
    0x08006b2c   0x08006b2c   0x0000000e   Code   RO         4093    t._ZN4__rw18__rw_locale_vectorIPNS_8__rw_catEED1Ev  cpp_ws.l(rwcats.o)
    0x08006b3a   0x08006b3a   0x00000002   PAD
    0x08006b3c   0x08006b3c   0x00000014   Code   RO         2754    t._ZN4__rw18__rw_locale_vectorISsED1Ev  cpp_ws.l(ios.o)
    0x08006b50   0x08006b50   0x00000088   Code   RO         3818    t._ZN4__rw18__rw_locale_vectorISt18__rw_open_cat_dataE6resizeEj  cpp_ws.l(messages.o)
    0x08006bd8   0x08006bd8   0x00000014   Code   RO         3824    t._ZN4__rw18__rw_locale_vectorISt18__rw_open_cat_dataED1Ev  cpp_ws.l(messages.o)
    0x08006bec   0x08006bec   0x00000016   Code   RO         2340    t._ZN4__rw23__rw_create_named_facetISt5ctypeIwEEEPT_S4_PKcj  cpp_ws.l(ios.o)
    0x08006c02   0x08006c02   0x00000016   Code   RO         2401    t._ZN4__rw23__rw_create_named_facetISt7codecvtIccSt11__mbstate_tEEEPT_S5_PKcj  cpp_ws.l(ios.o)
    0x08006c18   0x08006c18   0x00000016   Code   RO         2454    t._ZN4__rw23__rw_create_named_facetISt7codecvtIwcSt11__mbstate_tEEEPT_S5_PKcj  cpp_ws.l(ios.o)
    0x08006c2e   0x08006c2e   0x00000032   Code   RO          146    t._ZN4__rw23__rw_create_named_facetISt7num_getIcSt19istreambuf_iteratorIcSt11char_traitsIcEEEEEPT_S8_PKcj  main.o
    0x08006c60   0x08006c60   0x00000032   Code   RO          127    t._ZN4__rw23__rw_create_named_facetISt7num_putIcSt19ostreambuf_iteratorIcSt11char_traitsIcEEEEEPT_S8_PKcj  main.o
    0x08006c92   0x08006c92   0x00000010   Code   RO          205    t._ZN4__rw23__rw_numpunct_impl_dataIcE20_C_get_init_by_name_EPKc  main.o
    0x08006ca2   0x08006ca2   0x0000007e   Code   RO          643    t._ZN4__rw23__rw_numpunct_impl_dataIcEC1EPKNS_23__rw_numpunct_init_dataIcEE  main.o
    0x08006d20   0x08006d20   0x0000004c   Code   RO          253    t._ZN4__rw25__rw_digit_handler_base_1IcEC1ERKSt6locale  main.o
    0x08006d6c   0x08006d6c   0x00000046   Code   RO          162    t._ZNK4__rw17__rw_digit_readerIcSt19istreambuf_iteratorIcSt11char_traitsIcEEE3eofEv  main.o
    0x08006db2   0x08006db2   0x0000000e   Code   RO          571    t._ZNK4__rw25__rw_digit_handler_base_1IcE15_C_get_groupingEv  main.o
    0x08006dc0   0x08006dc0   0x00000006   Code   RO          565    t._ZNKSs5c_strEv    main.o
    0x08006dc6   0x08006dc6   0x00000006   Code   RO         2691    t._ZNKSt13basic_filebufIcSt11char_traitsIcEE7is_openEv  cpp_ws.l(ios.o)
    0x08006dcc   0x08006dcc   0x00000006   Code   RO         2732    t._ZNKSt13basic_filebufIwSt11char_traitsIwEE7is_openEv  cpp_ws.l(ios.o)
    0x08006dd2   0x08006dd2   0x00000016   Code   RO         2661    t._ZNKSt15basic_streambufIcSt11char_traitsIcEE16_C_putback_availEv  cpp_ws.l(ios.o)
    0x08006de8   0x08006de8   0x00000006   Code   RO          553    t._ZNKSt15basic_streambufIcSt11char_traitsIcEE4gptrEv  main.o
    0x08006dee   0x08006dee   0x00000014   Code   RO         2658    t._ZNKSt15basic_streambufIcSt11char_traitsIcEE9_C_is_eofEi  cpp_ws.l(ios.o)
    0x08006e02   0x08006e02   0x00000014   Code   RO         2720    t._ZNKSt15basic_streambufIwSt11char_traitsIwEE9_C_is_eofEi  cpp_ws.l(ios.o)
    0x08006e16   0x08006e16   0x0000001e   Code   RO          175    t._ZNKSt19istreambuf_iteratorIcSt11char_traitsIcEEdeEv  main.o
    0x08006e34   0x08006e34   0x0000000e   Code   RO          535    t._ZNKSt19ostreambuf_iteratorIcSt11char_traitsIcEE6failedEv  main.o
    0x08006e42   0x08006e42   0x00000010   Code   RO         2679    t._ZNKSt4fposISt11__mbstate_tEeqERKS1_  cpp_ws.l(ios.o)
    0x08006e52   0x08006e52   0x0000000c   Code   RO         2682    t._ZNKSt4fposISt11__mbstate_tEneERKS1_  cpp_ws.l(ios.o)
    0x08006e5e   0x08006e5e   0x0000001c   Code   RO         2676    t._ZNKSt4fposISt11__mbstate_tEplEl  cpp_ws.l(ios.o)
    0x08006e7a   0x08006e7a   0x00000002   PAD
    0x08006e7c   0x08006e7c   0x00000048   Code   RO          405    t._ZNKSt7num_putIcSt19ostreambuf_iteratorIcSt11char_traitsIcEEE6do_putES3_RSt8ios_baseci  main.o
    0x08006ec4   0x08006ec4   0x00000090   Code   RO         3298    t._ZNKSt8messagesIcE6do_getEiiiRKSs  cpp_ws.l(rwstdexcept.o)
    0x08006f54   0x08006f54   0x00000006   Code   RO         3313    t._ZNKSt8messagesIcE7do_openERKSsRKSt6locale  cpp_ws.l(rwstdexcept.o)
    0x08006f5a   0x08006f5a   0x00000006   Code   RO         2180    t._ZNKSt8numpunctIcE11do_groupingEv  cpp_ws.l(char.o)
    0x08006f60   0x08006f60   0x00000006   Code   RO         2183    t._ZNKSt8numpunctIcE11do_truenameEv  cpp_ws.l(char.o)
    0x08006f66   0x08006f66   0x00000006   Code   RO         2186    t._ZNKSt8numpunctIcE12do_falsenameEv  cpp_ws.l(char.o)
    0x08006f6c   0x08006f6c   0x00000004   Code   RO         2174    t._ZNKSt8numpunctIcE16do_decimal_pointEv  cpp_ws.l(char.o)
    0x08006f70   0x08006f70   0x00000004   Code   RO         2177    t._ZNKSt8numpunctIcE16do_thousands_sepEv  cpp_ws.l(char.o)
    0x08006f74   0x08006f74   0x00000010   Code   RO          499    t._ZNKSt9basic_iosIcSt11char_traitsIcEE11_C_bufmutexEv  main.o
    0x08006f84   0x08006f84   0x00000006   Code   RO          487    t._ZNKSt9basic_iosIcSt11char_traitsIcEE3tieEv  main.o
    0x08006f8a   0x08006f8a   0x00000014   Code   RO          493    t._ZNKSt9basic_iosIcSt11char_traitsIcEE4goodEv  main.o
    0x08006f9e   0x08006f9e   0x00000006   Code   RO          444    t._ZNKSt9basic_iosIcSt11char_traitsIcEE5rdbufEv  main.o
    0x08006fa4   0x08006fa4   0x00000006   Code   RO          438    t._ZNKSt9basic_iosIcSt11char_traitsIcEE7rdstateEv  main.o
    0x08006faa   0x08006faa   0x00000072   Code   RO          667    t._ZNSi6sentryC1ERSib  main.o
    0x0800701c   0x0800701c   0x00000106   Code   RO          265    t._ZNSi7_C_ipfxEi   main.o
    0x08007122   0x08007122   0x00000010   Code   RO          673    t._ZNSirsERi        main.o
    0x08007132   0x08007132   0x0000003c   Code   RO           89    t._ZNSo5flushEv     main.o
    0x0800716e   0x0800716e   0x00000052   Code   RO           83    t._ZNSo6_C_padEl    main.o
    0x080071c0   0x080071c0   0x00000064   Code   RO          102    t._ZNSo6sentryC1ERSo  main.o
    0x08007224   0x08007224   0x0000003c   Code   RO           70    t._ZNSo6sentryD1Ev  main.o
    0x08007260   0x08007260   0x000000b8   Code   RO           95    t._ZNSo7_C_opfxEv   main.o
    0x08007318   0x08007318   0x00000034   Code   RO         2378    t._ZNSoC1EPSt15basic_streambufIcSt11char_traitsIcEE  cpp_ws.l(ios.o)
    0x0800734c   0x0800734c   0x00000032   Code   RO         3185    t._ZNSs11_C_allocateEjjj  cpp_ws.l(locale.o)
    0x0800737e   0x0800737e   0x00000018   Code   RO         3222    t._ZNSs7replaceEjjPKcj  cpp_ws.l(locale.o)
    0x08007396   0x08007396   0x00000002   PAD
    0x08007398   0x08007398   0x00000168   Code   RO         2060    t._ZNSs7replaceEjjPKcjjj  cpp_ws.l(char.o)
    0x08007500   0x08007500   0x00000074   Code   RO         2048    t._ZNSs9_C_getRepEjj  cpp_ws.l(char.o)
    0x08007574   0x08007574   0x00000048   Code   RO         2057    t._ZNSs9_C_unlinkEv  cpp_ws.l(char.o)
    0x080075bc   0x080075bc   0x00000038   Code   RO         3188    t._ZNSsC1EPKcRKSaIcE  cpp_ws.l(locale.o)
    0x080075f4   0x080075f4   0x00000010   Code   RO         3219    t._ZNSsC1ERKSaIcE   cpp_ws.l(locale.o)
    0x08007604   0x08007604   0x0000003e   Code   RO         2051    t._ZNSsC1ERKSs      cpp_ws.l(char.o)
    0x08007642   0x08007642   0x0000000c   Code   RO         2128    t._ZNSsD1Ev         cpp_ws.l(char.o)
    0x0800764e   0x0800764e   0x00000002   PAD
    0x08007650   0x08007650   0x0000004c   Code   RO         3194    t._ZNSsaSEPKc       cpp_ws.l(locale.o)
    0x0800769c   0x0800769c   0x0000003e   Code   RO         3191    t._ZNSsaSERKSs      cpp_ws.l(locale.o)
    0x080076da   0x080076da   0x00000072   Code   RO         2407    t._ZNSt13basic_filebufIcSt11char_traitsIcEE10_C_unshiftEv  cpp_ws.l(ios.o)
    0x0800774c   0x0800774c   0x00000020   Code   RO         2701    t._ZNSt13basic_filebufIcSt11char_traitsIcEE12_C_file_seekEli  cpp_ws.l(ios.o)
    0x0800776c   0x0800776c   0x00000122   Code   RO         2443    t._ZNSt13basic_filebufIcSt11char_traitsIcEE4syncEv  cpp_ws.l(ios.o)
    0x0800788e   0x0800788e   0x00000022   Code   RO         2424    t._ZNSt13basic_filebufIcSt11char_traitsIcEE5uflowEv  cpp_ws.l(ios.o)
    0x080078b0   0x080078b0   0x00000072   Code   RO         2384    t._ZNSt13basic_filebufIcSt11char_traitsIcEE6setbufEPcl  cpp_ws.l(ios.o)
    0x08007922   0x08007922   0x0000005e   Code   RO         2447    t._ZNSt13basic_filebufIcSt11char_traitsIcEE6xsputnEPKcl  cpp_ws.l(ios.o)
    0x08007980   0x08007980   0x000000b4   Code   RO         2435    t._ZNSt13basic_filebufIcSt11char_traitsIcEE7seekoffElNSt8ios_base10_C_seekdirEi  cpp_ws.l(ios.o)
    0x08007a34   0x08007a34   0x0000016e   Code   RO         2428    t._ZNSt13basic_filebufIcSt11char_traitsIcEE8overflowEi  cpp_ws.l(ios.o)
    0x08007ba2   0x08007ba2   0x0000018e   Code   RO         2420    t._ZNSt13basic_filebufIcSt11char_traitsIcEE9underflowEv  cpp_ws.l(ios.o)
    0x08007d30   0x08007d30   0x00000074   Code   RO         2388    t._ZNSt13basic_filebufIcSt11char_traitsIcEEC1EPSt6__FILEPcl  cpp_ws.l(ios.o)
    0x08007da4   0x08007da4   0x00000020   Code   RO         2742    t._ZNSt13basic_filebufIwSt11char_traitsIwEE12_C_file_seekEli  cpp_ws.l(ios.o)
    0x08007dc4   0x08007dc4   0x0000012a   Code   RO         2496    t._ZNSt13basic_filebufIwSt11char_traitsIwEE4syncEv  cpp_ws.l(ios.o)
    0x08007eee   0x08007eee   0x0000006e   Code   RO         2360    t._ZNSt13basic_filebufIwSt11char_traitsIwEE6setbufEPwl  cpp_ws.l(ios.o)
    0x08007f5c   0x08007f5c   0x00000172   Code   RO         2481    t._ZNSt13basic_filebufIwSt11char_traitsIwEE8overflowEi  cpp_ws.l(ios.o)
    0x080080ce   0x080080ce   0x00000002   PAD
    0x080080d0   0x080080d0   0x00000074   Code   RO         2364    t._ZNSt13basic_filebufIwSt11char_traitsIwEEC1EPSt6__FILEPwl  cpp_ws.l(ios.o)
    0x08008144   0x08008144   0x00000034   Code   RO         2354    t._ZNSt13basic_ostreamIwSt11char_traitsIwEEC1EPSt15basic_streambufIwS1_E  cpp_ws.l(ios.o)
    0x08008178   0x08008178   0x00000012   Code   RO         2596    t._ZNSt15basic_streambufIcSt11char_traitsIcEE10_C_own_bufEb  cpp_ws.l(ios.o)
    0x0800818a   0x0800818a   0x00000012   Code   RO         2664    t._ZNSt15basic_streambufIcSt11char_traitsIcEE11_C_out_lastEb  cpp_ws.l(ios.o)
    0x0800819c   0x0800819c   0x00000012   Code   RO         2593    t._ZNSt15basic_streambufIcSt11char_traitsIcEE17_C_set_unbufferedEb  cpp_ws.l(ios.o)
    0x080081ae   0x080081ae   0x00000004   Code   RO         3024    t._ZNSt15basic_streambufIcSt11char_traitsIcEE4syncEv  cpp_ws.l(ios.o)
    0x080081b2   0x080081b2   0x00000028   Code   RO          155    t._ZNSt15basic_streambufIcSt11char_traitsIcEE5sgetcEv  main.o
    0x080081da   0x080081da   0x00000020   Code   RO         2394    t._ZNSt15basic_streambufIcSt11char_traitsIcEE5sputcEc  cpp_ws.l(ios.o)
    0x080081fa   0x080081fa   0x00000026   Code   RO         3011    t._ZNSt15basic_streambufIcSt11char_traitsIcEE5uflowEv  cpp_ws.l(ios.o)
    0x08008220   0x08008220   0x00000050   Code   RO          168    t._ZNSt15basic_streambufIcSt11char_traitsIcEE6sbumpcEv  main.o
    0x08008270   0x08008270   0x00000002   Code   RO         2996    t._ZNSt15basic_streambufIcSt11char_traitsIcEE6setbufEPcl  cpp_ws.l(ios.o)
    0x08008272   0x08008272   0x0000002e   Code   RO         3021    t._ZNSt15basic_streambufIcSt11char_traitsIcEE6xsputnEPKcl  cpp_ws.l(ios.o)
    0x080082a0   0x080082a0   0x0000000e   Code   RO          450    t._ZNSt15basic_streambufIcSt11char_traitsIcEE7pubsyncEv  main.o
    0x080082ae   0x080082ae   0x00000008   Code   RO         2999    t._ZNSt15basic_streambufIcSt11char_traitsIcEE7seekoffElNSt8ios_base10_C_seekdirEi  cpp_ws.l(ios.o)
    0x080082b6   0x080082b6   0x00000006   Code   RO         3015    t._ZNSt15basic_streambufIcSt11char_traitsIcEE8overflowEi  cpp_ws.l(ios.o)
    0x080082bc   0x080082bc   0x00000006   Code   RO         2603    t._ZNSt15basic_streambufIcSt11char_traitsIcEE9pubsetbufEPcl  cpp_ws.l(ios.o)
    0x080082c2   0x080082c2   0x00000006   Code   RO         3008    t._ZNSt15basic_streambufIcSt11char_traitsIcEE9underflowEv  cpp_ws.l(ios.o)
    0x080082c8   0x080082c8   0x00000012   Code   RO         2569    t._ZNSt15basic_streambufIwSt11char_traitsIwEE10_C_own_bufEb  cpp_ws.l(ios.o)
    0x080082da   0x080082da   0x00000012   Code   RO         2726    t._ZNSt15basic_streambufIwSt11char_traitsIwEE11_C_out_lastEb  cpp_ws.l(ios.o)
    0x080082ec   0x080082ec   0x00000012   Code   RO         2566    t._ZNSt15basic_streambufIwSt11char_traitsIwEE17_C_set_unbufferedEb  cpp_ws.l(ios.o)
    0x080082fe   0x080082fe   0x00000022   Code   RO         2450    t._ZNSt15basic_streambufIwSt11char_traitsIwEE5sputcEw  cpp_ws.l(ios.o)
    0x08008320   0x08008320   0x00000002   Code   RO         3042    t._ZNSt15basic_streambufIwSt11char_traitsIwEE6setbufEPwl  cpp_ws.l(ios.o)
    0x08008322   0x08008322   0x00000006   Code   RO         3061    t._ZNSt15basic_streambufIwSt11char_traitsIwEE8overflowEi  cpp_ws.l(ios.o)
    0x08008328   0x08008328   0x00000006   Code   RO         2599    t._ZNSt15basic_streambufIwSt11char_traitsIwEE9pubsetbufEPwl  cpp_ws.l(ios.o)
    0x0800832e   0x0800832e   0x00000002   PAD
    0x08008330   0x08008330   0x0000002c   Code   RO          247    t._ZNSt15numpunct_bynameIcEC1EPKcj  main.o
    0x0800835c   0x0800835c   0x00000012   Code   RO          559    t._ZNSt19istreambuf_iteratorIcSt11char_traitsIcEEppEv  main.o
    0x0800836e   0x0800836e   0x00000032   Code   RO          332    t._ZNSt19ostreambuf_iteratorIcSt11char_traitsIcEEaSEc  main.o
    0x080083a0   0x080083a0   0x0000000e   Code   RO         2667    t._ZNSt4fposISt11__mbstate_tEC1ERKS1_  cpp_ws.l(ios.o)
    0x080083ae   0x080083ae   0x0000000a   Code   RO         2572    t._ZNSt4fposISt11__mbstate_tEC1El  cpp_ws.l(ios.o)
    0x080083b8   0x080083b8   0x00000012   Code   RO         2670    t._ZNSt4fposISt11__mbstate_tEaSERKS1_  cpp_ws.l(ios.o)
    0x080083ca   0x080083ca   0x00000008   Code   RO         2761    t._ZNSt4fposISt11__mbstate_tEpLEl  cpp_ws.l(ios.o)
    0x080083d2   0x080083d2   0x00000002   PAD
    0x080083d4   0x080083d4   0x00000020   Code   RO          541    t._ZNSt7num_getIcSt19istreambuf_iteratorIcSt11char_traitsIcEEEC1Ej  main.o
    0x080083f4   0x080083f4   0x00000020   Code   RO          523    t._ZNSt7num_putIcSt19ostreambuf_iteratorIcSt11char_traitsIcEEEC1Ej  main.o
    0x08008414   0x08008414   0x00000082   Code   RO         2099    t._ZNSt8numpunctIcE12_C_initfacetERKSt6locale  cpp_ws.l(char.o)
    0x08008496   0x08008496   0x00000002   PAD
    0x08008498   0x08008498   0x00000038   Code   RO          241    t._ZNSt8numpunctIcEC1EjPKN4__rw23__rw_numpunct_init_dataIcEE  main.o
    0x080084d0   0x080084d0   0x0000005c   Code   RO         2370    t._ZNSt9basic_iosIcSt11char_traitsIcEE4initEPSt15basic_streambufIcS1_E  cpp_ws.l(ios.o)
    0x0800852c   0x0800852c   0x0000002a   Code   RO           52    t._ZNSt9basic_iosIcSt11char_traitsIcEE5clearEii  main.o
    0x08008556   0x08008556   0x00000020   Code   RO           58    t._ZNSt9basic_iosIcSt11char_traitsIcEE8setstateEi  main.o
    0x08008576   0x08008576   0x00000002   PAD
    0x08008578   0x08008578   0x00000010   Code   RO         2587    t._ZNSt9basic_iosIcSt11char_traitsIcEEC1Ev  cpp_ws.l(ios.o)
    0x08008588   0x08008588   0x0000005c   Code   RO         2346    t._ZNSt9basic_iosIwSt11char_traitsIwEE4initEPSt15basic_streambufIwS1_E  cpp_ws.l(ios.o)
    0x080085e4   0x080085e4   0x00000010   Code   RO         2560    t._ZNSt9basic_iosIwSt11char_traitsIwEEC1Ev  cpp_ws.l(ios.o)
    0x080085f4   0x080085f4   0x0000000c   Code   RO         2122    t._ZSt3maxIjERKT_S2_S2_  cpp_ws.l(char.o)
    0x08008600   0x08008600   0x0000000c   Code   RO         2707    t._ZSt3minIiERKT_S2_S2_  cpp_ws.l(ios.o)
    0x0800860c   0x0800860c   0x0000000c   Code   RO         2710    t._ZSt3minIlERKT_S2_S2_  cpp_ws.l(ios.o)
    0x08008618   0x08008618   0x00000024   Code   RO          655    t._ZSt9use_facetISt5ctypeIcEERKT_RKSt6locale  main.o
    0x0800863c   0x0800863c   0x0000001c   Code   RO         2688    t._ZSt9use_facetISt7codecvtIccSt11__mbstate_tEERKT_RKSt6locale  cpp_ws.l(ios.o)
    0x08008658   0x08008658   0x0000001c   Code   RO         2729    t._ZSt9use_facetISt7codecvtIwcSt11__mbstate_tEERKT_RKSt6locale  cpp_ws.l(ios.o)
    0x08008674   0x08008674   0x00000054   Code   RO          115    t._ZStlsISt11char_traitsIcEERSt13basic_ostreamIcT_ES5_PKc  main.o
    0x080086c8   0x080086c8   0x00000062   Code   RO         4312    x$fpl$d2f           fz_wm.l(d2f.o)
    0x0800872a   0x0800872a   0x00000002   PAD
    0x0800872c   0x0800872c   0x00000010   Code   RO         4386    x$fpl$dcheck1       fz_wm.l(dcheck1.o)
    0x0800873c   0x0800873c   0x00000018   Code   RO         4130    x$fpl$dcmpinf       fz_wm.l(dcmpi.o)
    0x08008754   0x08008754   0x00000078   Code   RO         3915    x$fpl$deqf          fz_wm.l(deqf.o)
    0x080087cc   0x080087cc   0x00000078   Code   RO         3917    x$fpl$dleqf         fz_wm.l(dleqf.o)
    0x08008844   0x08008844   0x00000154   Code   RO         4341    x$fpl$dmul          fz_wm.l(dmul.o)
    0x08008998   0x08008998   0x0000009c   Code   RO         4132    x$fpl$dnaninf       fz_wm.l(dnaninf.o)
    0x08008a34   0x08008a34   0x0000000c   Code   RO         4361    x$fpl$dretinf       fz_wm.l(dretinf.o)
    0x08008a40   0x08008a40   0x0000006c   Code   RO         4314    x$fpl$drleqf        fz_wm.l(drleqf.o)
    0x08008aac   0x08008aac   0x0000000a   Code   RO         4134    x$fpl$fpinit        fz_wm.l(fpinit.o)
    0x08008ab6   0x08008ab6   0x0000000a   Code   RO         4343    x$fpl$fretinf       fz_wm.l(fretinf.o)
    0x08008ac0   0x08008ac0   0x00000006   Code   RO         4254    x$fpl$ieeestatus    fz_wm.l(istatus.o)
    0x08008ac6   0x08008ac6   0x00000004   Code   RO         3919    x$fpl$printf1       fz_wm.l(printf1.o)
    0x08008aca   0x08008aca   0x00000004   Code   RO         3921    x$fpl$printf2       fz_wm.l(printf2.o)
    0x08008ace   0x08008ace   0x00000064   Code   RO         4392    x$fpl$retnan        fz_wm.l(retnan.o)
    0x08008b32   0x08008b32   0x0000005c   Code   RO         4363    x$fpl$scalbn        fz_wm.l(scalbn.o)
    0x08008b8e   0x08008b8e   0x00000004   Code   RO         4136    x$fpl$scanf1        fz_wm.l(scanf1.o)
    0x08008b92   0x08008b92   0x00000008   Code   RO         4277    x$fpl$scanf2        fz_wm.l(scanf2.o)
    0x08008b9a   0x08008b9a   0x00000030   Code   RO         4394    x$fpl$trapveneer    fz_wm.l(trapv.o)
    0x08008bca   0x08008bca   0x00000000   Code   RO         4138    x$fpl$usenofp       fz_wm.l(usenofp.o)
    0x08008bca   0x08008bca   0x00000200   Data   RO         2030    .constdata          cpp_ws.l(char.o)
    0x08008dca   0x08008dca   0x00000058   Data   RO         2292    .constdata          cpp_ws.l(ios.o)
    0x08008e22   0x08008e22   0x00000007   Data   RO         3161    .constdata          cpp_ws.l(locale.o)
    0x08008e29   0x08008e29   0x00000003   PAD
    0x08008e2c   0x08008e2c   0x0000005c   Data   RO         3283    .constdata          cpp_ws.l(rwstdexcept.o)
    0x08008e88   0x08008e88   0x00000008   Data   RO         3625    .constdata          c_w.l(_printf_wctomb.o)
    0x08008e90   0x08008e90   0x00000028   Data   RO         3654    .constdata          c_w.l(_printf_hex_int_ll_ptr.o)
    0x08008eb8   0x08008eb8   0x00000011   Data   RO         3674    .constdata          c_w.l(__printf_flags_ss_wp.o)
    0x08008ec9   0x08008ec9   0x00000026   Data   RO         3993    .constdata          c_w.l(_printf_fp_hex.o)
    0x08008eef   0x08008eef   0x00000001   PAD
    0x08008ef0   0x08008ef0   0x00000094   Data   RO         4178    .constdata          c_w.l(bigflt0.o)
    0x08008f84   0x08008f84   0x0000000c   Data   RO          949    .constdata__ZN4__rw14__rw_bool_nameIcE7_C_nameE  main.o
    0x08008f90   0x08008f90   0x00000010   Data   RO          936    .constdata__ZN4__rw18__rw_numpunct_implIcE8_C_ivalsE  main.o
    0x08008fa0   0x08008fa0   0x00000010   Data   RO          932    .constdata__ZTVN4__rw17__rw_digit_writerIcSt19ostreambuf_iteratorIcSt11char_traitsIcEEEE  main.o
    0x08008fb0   0x08008fb0   0x00000010   Data   RO          925    .constdata__ZTVN4__rw22__rw_digit_writer_baseE  main.o
    0x08008fc0   0x08008fc0   0x00000010   Data   RO          930    .constdata__ZTVN4__rw24__rw_digit_writer_base_1IcEE  main.o
    0x08008fd0   0x08008fd0   0x00000014   Data   RO          923    .constdata__ZTVNSt6locale5facetE  main.o
    0x08008fe4   0x08008fe4   0x00000008   Data   RO         2799    .constdata__ZTVSi   cpp_ws.l(ios.o)
    0x08008fec   0x08008fec   0x00000028   Data   RO         2801    .constdata__ZTVSi   cpp_ws.l(ios.o)
    0x08009014   0x08009014   0x00000008   Data   RO         2802    .constdata__ZTVSo   cpp_ws.l(ios.o)
    0x0800901c   0x0800901c   0x00000028   Data   RO         2804    .constdata__ZTVSo   cpp_ws.l(ios.o)
    0x08009044   0x08009044   0x00000034   Data   RO         2203    .constdata__ZTVSt12ctype_bynameIcE  cpp_ws.l(char.o)
    0x08009078   0x08009078   0x00000040   Data   RO         2313    .constdata__ZTVSt13basic_filebufIcSt11char_traitsIcEE  cpp_ws.l(ios.o)
    0x080090b8   0x080090b8   0x00000040   Data   RO         2315    .constdata__ZTVSt13basic_filebufIwSt11char_traitsIwEE  cpp_ws.l(ios.o)
    0x080090f8   0x080090f8   0x00000008   Data   RO         2807    .constdata__ZTVSt13basic_istreamIwSt11char_traitsIwEE  cpp_ws.l(ios.o)
    0x08009100   0x08009100   0x00000028   Data   RO         2809    .constdata__ZTVSt13basic_istreamIwSt11char_traitsIwEE  cpp_ws.l(ios.o)
    0x08009128   0x08009128   0x00000008   Data   RO         2810    .constdata__ZTVSt13basic_ostreamIwSt11char_traitsIwEE  cpp_ws.l(ios.o)
    0x08009130   0x08009130   0x00000028   Data   RO         2812    .constdata__ZTVSt13basic_ostreamIwSt11char_traitsIwEE  cpp_ws.l(ios.o)
    0x08009158   0x08009158   0x00000014   Data   RO         3323    .constdata__ZTVSt14__rw_exception  cpp_ws.l(rwstdexcept.o)
    0x0800916c   0x0800916c   0x00000040   Data   RO         2798    .constdata__ZTVSt15basic_streambufIcSt11char_traitsIcEE  cpp_ws.l(ios.o)
    0x080091ac   0x080091ac   0x00000040   Data   RO         2806    .constdata__ZTVSt15basic_streambufIwSt11char_traitsIwEE  cpp_ws.l(ios.o)
    0x080091ec   0x080091ec   0x00000028   Data   RO          927    .constdata__ZTVSt15numpunct_bynameIcE  main.o
    0x08009214   0x08009214   0x00000034   Data   RO         2041    .constdata__ZTVSt5ctypeIcE  cpp_ws.l(char.o)
    0x08009248   0x08009248   0x00000044   Data   RO         2788    .constdata__ZTVSt5ctypeIwE  cpp_ws.l(ios.o)
    0x0800928c   0x0800928c   0x00000030   Data   RO         2794    .constdata__ZTVSt7codecvtIccSt11__mbstate_tE  cpp_ws.l(ios.o)
    0x080092bc   0x080092bc   0x00000030   Data   RO         2796    .constdata__ZTVSt7codecvtIwcSt11__mbstate_tE  cpp_ws.l(ios.o)
    0x080092ec   0x080092ec   0x00000040   Data   RO           43    .constdata__ZTVSt7num_getIcSt19istreambuf_iteratorIcSt11char_traitsIcEEE  main.o
    0x0800932c   0x0800932c   0x00000044   Data   RO           47    .constdata__ZTVSt7num_putIcSt19ostreambuf_iteratorIcSt11char_traitsIcEEE  main.o
    0x08009370   0x08009370   0x00000010   Data   RO         2786    .constdata__ZTVSt8ios_base  cpp_ws.l(ios.o)
    0x08009380   0x08009380   0x00000020   Data   RO         3296    .constdata__ZTVSt8messagesIcE  cpp_ws.l(rwstdexcept.o)
    0x080093a0   0x080093a0   0x00000028   Data   RO           38    .constdata__ZTVSt8numpunctIcE  main.o
    0x080093c8   0x080093c8   0x00000010   Data   RO         2790    .constdata__ZTVSt9basic_iosIcSt11char_traitsIcEE  cpp_ws.l(ios.o)
    0x080093d8   0x080093d8   0x00000010   Data   RO         2792    .constdata__ZTVSt9basic_iosIwSt11char_traitsIwEE  cpp_ws.l(ios.o)
    0x080093e8   0x080093e8   0x00000014   Data   RO         3881    .constdata__ZTVSt9exception  cpprt_w.l(exception_dtor.o)
    0x080093fc   0x080093fc   0x00000001   Data   RO           34    .constdata__ZZN4__rw22__rw_digit_writer_base11_C_digitizeEiEs  main.o
    0x080093fd   0x080093fd   0x00000001   Data   RO         2316    .constdata__ZZN4__rw24__rw_create_native_facetISt5ctypeIwEEEPT_S4_Es  cpp_ws.l(ios.o)
    0x080093fe   0x080093fe   0x00000001   Data   RO         2317    .constdata__ZZN4__rw24__rw_create_native_facetISt7codecvtIccSt11__mbstate_tEEEPT_S5_Es  cpp_ws.l(ios.o)
    0x080093ff   0x080093ff   0x00000001   Data   RO         2318    .constdata__ZZN4__rw24__rw_create_native_facetISt7codecvtIwcSt11__mbstate_tEEEPT_S5_Es  cpp_ws.l(ios.o)
    0x08009400   0x08009400   0x00000001   Data   RO           45    .constdata__ZZN4__rw24__rw_create_native_facetISt7num_getIcSt19istreambuf_iteratorIcSt11char_traitsIcEEEEEPT_S8_Es  main.o
    0x08009401   0x08009401   0x00000001   Data   RO           48    .constdata__ZZN4__rw24__rw_create_native_facetISt7num_putIcSt19ostreambuf_iteratorIcSt11char_traitsIcEEEEEPT_S8_Es  main.o
    0x08009402   0x08009402   0x00000001   Data   RO           39    .constdata__ZZN4__rw24__rw_create_native_facetISt8numpunctIcEEEPT_S4_Es  main.o
    0x08009403   0x08009403   0x00000001   Data   RO         3182    .constdata__ZZNK4__rw15__rw_locale_imp16_C_category_nameEiEs  cpp_ws.l(locale.o)
    0x08009404   0x08009404   0x00000001   Data   RO           40    .constdata__ZZNSs7replaceEjjPKcjjjEs  main.o
    0x08009405   0x08009405   0x00000001   Data   RO           41    .constdata__ZZNSs9_C_getRepEjjEs  main.o
    0x08009406   0x08009406   0x00000002   Data   RO         3297    .constdata__ZZNSt8messagesIcEC1EjEs  cpp_ws.l(rwstdexcept.o)
    0x08009408   0x08009408   0x00000272   Data   RO         3284    .conststring        cpp_ws.l(rwstdexcept.o)
    0x0800967a   0x0800967a   0x00000002   PAD
    0x0800967c   0x0800967c   0x00000001   Data   RO          937    .conststring__ZN4__rw18__rw_numpunct_implIcE8_C_ivalsE  main.o
    0x0800967d   0x0800967d   0x00000003   PAD
    0x08009680   0x08009680   0x00000020   Data   RO         4396    Region$$Table       anon$$obj.o
    0x080096a0   0x080096a0   0x00000008   Data   RO         4273    c$$dinf             fz_wm.l(fpconst.o)
    0x080096a8   0x080096a8   0x00000008   Data   RO         4276    c$$dmax             fz_wm.l(fpconst.o)
    0x080096b0   0x080096b0   0x00000110   Data   RO         4040    locale$$data        c_w.l(lc_ctype_c.o)
    0x080097c0   0x080097c0   0x00000010   Data   RO         4202    locale$$data        c_w.l(null_locale.o)
    0x080097d0   0x080097d0   0x00000038   Data   RO         4203    locale$$data        c_w.l(lc_monetary_c.o)
    0x08009808   0x08009808   0x0000001c   Data   RO         4206    locale$$data        c_w.l(lc_numeric_c.o)
    0x08009824   0x08009824   0x00000004   Data   RO           10    .init_array         main.o
    0x08009828   0x08009824   0x00000000   Data   RO         1993    .init_array         c_w.l(init_aeabi.o)
    0x08009828   0x08009824   0x00000004   Data   RO         2032    .init_array         cpp_ws.l(char.o)
    0x0800982c   0x08009824   0x00000004   Data   RO         3165    .init_array         cpp_ws.l(locale.o)
    0x08009830   0x08009824   0x00000004   Data   RO         4087    .init_array         cpp_ws.l(rwcats.o)


    Execution Region RW_IRAM1 (Exec base: 0x20000000, Load base: 0x08009834, Size: 0x000042b0, Max: 0x00020000, ABSOLUTE)

    Exec Addr    Load Addr    Size         Type   Attr      Idx    E Section Name        Object

    0x20000000   0x08009834   0x00000001   Data   RW            9    .data               main.o
    0x20000001   0x08009835   0x00000003   PAD
    0x20000004   0x08009838   0x0000000c   Data   RW         1806    .data               uartbsp.o
    0x20000010   0x08009844   0x00000008   Data   RW         2031    .data               cpp_ws.l(char.o)
    0x20000018   0x0800984c   0x00000001   Data   RW         2294    .data               cpp_ws.l(ios.o)
    0x20000019   0x0800984d   0x00000003   PAD
    0x2000001c   0x08009850   0x0000000c   Data   RW         2295    .data               cpp_ws.l(ios.o)
    0x20000028   0x0800985c   0x00000004   Data   RW         2296    .data               cpp_ws.l(ios.o)
    0x2000002c   0x08009860   0x00000004   Data   RW         2297    .data               cpp_ws.l(ios.o)
    0x20000030   0x08009864   0x0000001c   Data   RW         3164    .data               cpp_ws.l(locale.o)
    0x2000004c   0x08009880   0x00000017   Data   RW         3285    .data               cpp_ws.l(rwstdexcept.o)
    0x20000063   0x08009897   0x00000001   Data   RW         3286    .data               cpp_ws.l(rwstdexcept.o)
    0x20000064   0x08009898   0x00000004   Data   RW         3839    .data               cpp_ws.l(rwthrowproc_noex.o)
    0x20000068   0x0800989c   0x00000008   Data   RW         4086    .data               cpp_ws.l(rwcats.o)
    0x20000070   0x080098a4   0x00000008   Data   RW           50    .data__ZNSt7num_getIcSt19istreambuf_iteratorIcSt11char_traitsIcEEE2idE  main.o
    0x20000078   0x080098ac   0x00000008   Data   RW           51    .data__ZNSt7num_putIcSt19ostreambuf_iteratorIcSt11char_traitsIcEEE2idE  main.o
    0x20000080   0x080098b4   0x00000008   Data   RW           49    .data__ZNSt8numpunctIcE2idE  main.o
    0x20000088   0x080098bc   0x00000004   Data   RW         3246    .data__ZZNKSt6locale2id7_C_initEvE9_C_id_gen  cpp_ws.l(locale.o)
    0x2000008c   0x080098c0   0x0000000c   Data   RW         3837    .data__ZZSt13__rw_get_catsvE11__open_cats  cpp_ws.l(messages.o)
    0x20000098        -       0x00001d30   Zero   RW         2255    .bss                cpp_ws.l(ios.o)
    0x20001dc8        -       0x00000018   Zero   RW         3282    .bss                cpp_ws.l(rwstdexcept.o)
    0x20001de0        -       0x0000002a   Zero   RW         3706    .bss                c_w.l(locale.o)
    0x20001e0a   0x080098cc   0x00000002   PAD
    0x20001e0c        -       0x00000030   Zero   RW         3709    .bss                c_w.l(localeconv.o)
    0x20001e3c        -       0x00000060   Zero   RW         3930    .bss                c_w.l(libspace.o)
    0x20001e9c        -       0x00000010   Zero   RW         3838    .bss__ZNSs9__nullrefE  cpp_ws.l(messages.o)
    0x20001eac   0x080098cc   0x00000004   PAD
    0x20001eb0        -       0x00002000   Zero   RW         1905    HEAP                startup_stm32f407xx.o
    0x20003eb0        -       0x00000400   Zero   RW         1904    STACK               startup_stm32f407xx.o


==============================================================================

Image component sizes


      Code (inc. data)   RO Data    RW Data    ZI Data      Debug   Object Name

      5834        326        319         25          0     173539   main.o
        64         26        392          0       9216        912   startup_stm32f407xx.o
       100         18          0          0          0       2021   system_stm32f4xx.o
       274         26          0         12          0       6855   uartbsp.o

    ----------------------------------------------------------------------
      6280        396        746         40       9216     183327   Object Totals
         0          0         32          0          0          0   (incl. Generated)
         8          0          3          3          0          0   (incl. Padding)

    ----------------------------------------------------------------------

      Code (inc. data)   RO Data    RW Data    ZI Data      Debug   Library Member Name

        44          6          0          0          0         84   __2sprintf.o
         8          0          0          0          0         68   __main.o
       392          4         17          0          0         92   __printf_flags_ss_wp.o
        14          0          0          0          0         68   __printf_wp.o
         0          0          0          0          0          0   __rtentry.o
        12          0          0          0          0          0   __rtentry2.o
         6          0          0          0          0          0   __rtentry4.o
        52          8          0          0          0          0   __scatter.o
        26          0          0          0          0          0   __scatter_copy.o
        28          0          0          0          0          0   __scatter_zi.o
        28          0          0          0          0         68   _chval.o
       114          0          0          0          0         76   _lconv.o
        60          0          0          0          0         92   _mbrtowc.o
         6          0          0          0          0          0   _printf_a.o
         6          0          0          0          0          0   _printf_c.o
        44          0          0          0          0        108   _printf_char.o
        48          6          0          0          0         96   _printf_char_common.o
        36          4          0          0          0         80   _printf_char_file.o
        40          0          0          0          0         68   _printf_charcount.o
         6          0          0          0          0          0   _printf_d.o
       120         16          0          0          0         92   _printf_dec.o
         6          0          0          0          0          0   _printf_e.o
         6          0          0          0          0          0   _printf_f.o
      1054          0          0          0          0        216   _printf_fp_dec.o
       764          8         38          0          0        100   _printf_fp_hex.o
       128         16          0          0          0         84   _printf_fp_infnan.o
         6          0          0          0          0          0   _printf_g.o
       148          4         40          0          0        160   _printf_hex_int_ll_ptr.o
         6          0          0          0          0          0   _printf_i.o
       178          0          0          0          0         88   _printf_intcommon.o
        10          0          0          0          0          0   _printf_l.o
         6          0          0          0          0          0   _printf_lc.o
        10          0          0          0          0          0   _printf_ll.o
         6          0          0          0          0          0   _printf_lld.o
         6          0          0          0          0          0   _printf_lli.o
         6          0          0          0          0          0   _printf_llo.o
         6          0          0          0          0          0   _printf_llu.o
         6          0          0          0          0          0   _printf_llx.o
       124         16          0          0          0         92   _printf_longlong_dec.o
         6          0          0          0          0          0   _printf_ls.o
         6          0          0          0          0          0   _printf_n.o
         6          0          0          0          0          0   _printf_o.o
       112         10          0          0          0        124   _printf_oct_int_ll.o
         6          0          0          0          0          0   _printf_p.o
        78          0          0          0          0        108   _printf_pad.o
         0          0          0          0          0          0   _printf_percent.o
         4          0          0          0          0          0   _printf_percent_end.o
         6          0          0          0          0          0   _printf_s.o
        82          0          0          0          0         80   _printf_str.o
        36          0          0          0          0         84   _printf_truncate.o
         6          0          0          0          0          0   _printf_u.o
        44          0          0          0          0        108   _printf_wchar.o
       188          6          8          0          0         92   _printf_wctomb.o
         6          0          0          0          0          0   _printf_x.o
        22          0          0          0          0        100   _rserrno.o
       884          6          0          0          0        100   _scanf.o
       332          0          0          0          0         96   _scanf_int.o
       342          0          0          0          0        100   _scanf_longlong.o
       276          0          0          0          0        100   _scanf_mbtowc.o
       224          0          0          0          0         96   _scanf_str.o
        30          0          0          0          0         76   _scanf_wcharmap.o
       232          0          0          0          0        100   _scanf_wctomb.o
       208          0          0          0          0         96   _scanf_wstr.o
        64          0          0          0          0         84   _sgetc.o
        16          0          0          0          0         68   _snputc.o
        10          0          0          0          0         68   _sputc.o
        64          0          0          0          0         92   _wcrtomb.o
        22          0          0          0          0         80   abort.o
        46          0          0          0          0         84   aeabi_atexit.o
       228          4        148          0          0         96   bigflt0.o
      2152        136          0          0          0        960   btod.o
        12          0          0          0          0         68   clearerr.o
        66          0          0          0          0         84   cxa_finalize.o
        48         34          0          0          0         76   defsig_abrt_inner.o
        14          0          0          0          0         80   defsig_abrt_outer.o
        10          0          0          0          0         68   defsig_exit.o
        50          0          0          0          0         88   defsig_general.o
        80         58          0          0          0         76   defsig_rtmem_inner.o
        14          0          0          0          0         80   defsig_rtmem_outer.o
        18          0          0          0          0         80   exit.o
        20          0          0          0          0         84   fprintf.o
        26          0          0          0          0         76   fread_bytes_avail_replaced.o
        50          0          0          0          0         84   fwrite.o
        94          0          0          0          0         80   h1_alloc.o
        52          0          0          0          0         68   h1_extend.o
        78          0          0          0          0         80   h1_free.o
        14          0          0          0          0         84   h1_init.o
         6          0          0          0          0        152   heapauxi.o
         4          0          0          0          0        136   hguard.o
         0          0          0          0          0          0   indicate_semi.o
        36         10          0          0          0         80   init_aeabi.o
       138          0          0          0          0        168   init_alloc.o
        18          0          0          0          0         76   isspace.o
        44         10        272          0          0         76   lc_ctype_c.o
        44         10         56          0          0         76   lc_monetary_c.o
        44         10         28          0          0         76   lc_numeric_c.o
         2          0          0          0          0          0   libinit.o
        56          0          0          0          0          0   libinit2.o
         2          0          0          0          0          0   libshutdown.o
         8          0          0          0          0          0   libshutdown2.o
         8          4          0          0         96         68   libspace.o
        38          0          0          0          0         68   llshl.o
       138          0          0          0          0         80   lludiv10.o
        16          6          0          0         42         68   locale.o
       440          8          0          0          0        180   locale_r.o
        16          4          0          0         48         76   localeconv.o
         0          0          0          0          0          0   maybetermalloc1.o
        14          0          0          0          0         68   mbsinit.o
         8          0          0          0          0         76   memcpy.o
         8          0          0          0          0         76   memmove.o
         0          0         16          0          0          0   null_locale.o
        16          4          0          0          0         76   rt_ctype_table.o
         8          4          0          0          0         68   rt_ddtor_pointer_addr_intlibspace.o
         8          4          0          0          0         68   rt_eh_globals_addr_intlibspace.o
         8          4          0          0          0         68   rt_errno_addr_intlibspace.o
         8          4          0          0          0         68   rt_heap_descriptor_intlibspace.o
         8          4          0          0          0         68   rt_locale_intlibspace.o
       138          0          0          0          0         68   rt_memcpy_v6.o
       100          0          0          0          0         80   rt_memcpy_w.o
       132          0          0          0          0         68   rt_memmove_v6.o
       122          0          0          0          0         80   rt_memmove_w.o
         8          4          0          0          0         68   rt_new_handler_addr_intlibspace.o
         2          0          0          0          0          0   rtexit.o
        10          0          0          0          0          0   rtexit2.o
        44          8          0          0          0         84   scanf_char.o
      1272         16          0          0          0        168   scanf_fp.o
       800         14          0          0          0        100   scanf_hexfp.o
       308         16          0          0          0        100   scanf_infnan.o
        60          8          0          0          0         84   sscanf.o
        24          0          0          0          0         68   strcat.o
       128          0          0          0          0         68   strcmpv7m.o
        72          0          0          0          0         80   strcpy.o
        62          0          0          0          0         76   strlen.o
        22          0          0          0          0         68   strrchr.o
        12          4          0          0          0         68   sys_exit.o
        74          0          0          0          0         80   sys_stackheap_outer.o
        14          0          0          0          0         76   sys_wrch.o
         2          0          0          0          0         68   use_no_semi.o
        52          4          0          0          0         80   vsnprintf.o
         6          0          0          0          0         68   wmemmove.o
      2050         68        620          8          0       2364   char.o
      5890        372        751         21       7472       8504   ios.o
      1558         96         12         32          0       1536   locale.o
       470         34          0         12         16        716   messages.o
        36          0          0          0          0        144   rwalloc.o
       184         24          4          8          0        400   rwcats.o
       884         64        772         24         24        980   rwstdexcept.o
       152         94          0          0          0         72   rwthrowproc_impl_noex.o
         0          0          0          4          0          0   rwthrowproc_noex.o
       700          4          0          0          0        572   vendor.o
        28          0          0          0          0         84   ARM_vec_cleanup_noexceptions.o
        14          0          0          0          0         80   aeabi_vec_delete_noexceptions.o
        16          0          0          0          0         68   aeabi_vec_dtor_cookie.o
        34          0          0          0          0         84   aeabi_vec_dtor_noexceptions.o
        20          0          0          0          0         80   aeabi_vec_new_cookie.o
        80         12          0          0          0        104   arm_exceptions_globs.o
        60          0          0          0          0        108   arm_exceptions_mem.o
        26          0          0          0          0         76   arm_exceptions_terminate.o
         4          0          0          0          0         68   arm_newhandler_noexceptions.o
         2          0          0          0          0         68   arm_rethrow_noexceptions.o
         8          0          0          0          0         76   array_del.o
         8          0          0          0          0         76   array_new.o
       146          0          0          0          0         96   array_new_general.o
        16          0          0          0          0         68   cxa_guard_acquire.o
        24          6          0          0          0         84   cxa_vec_new.o
         8          0          0          0          0         76   delete.o
        12          6          0          0          0         68   exception_ctor.o
         0          0         20          0          0          0   exception_dtor.o
        40          6          0          0          0         76   new.o
        98          4          0          0          0        140   d2f.o
        16          4          0          0          0        116   dcheck1.o
        24          0          0          0          0        116   dcmpi.o
       120          4          0          0          0        140   deqf.o
       120          4          0          0          0        140   dleqf.o
       340         12          0          0          0        152   dmul.o
       156          4          0          0          0        140   dnaninf.o
        12          0          0          0          0        116   dretinf.o
       108          0          0          0          0        128   drleqf.o
         0          0         16          0          0          0   fpconst.o
        10          0          0          0          0        116   fpinit.o
        10          0          0          0          0        116   fretinf.o
         6          0          0          0          0        116   istatus.o
         4          0          0          0          0        116   printf1.o
         4          0          0          0          0        116   printf2.o
       100          0          0          0          0        116   retnan.o
        92          0          0          0          0        116   scalbn.o
         4          0          0          0          0        116   scanf1.o
         8          0          0          0          0        132   scanf2.o
        48          0          0          0          0        116   trapv.o
         0          0          0          0          0          0   usenofp.o
        64         16          0          0          0        248   dunder.o
        48          0          0          0          0        124   fpclassify.o
       140         22          0          0          0        132   frexp.o
       228          8          0          0          0        308   ldexp.o
       266         16          0          0          0        308   narrow.o

    ----------------------------------------------------------------------
     29114       1384       2824        112       7704      29908   Library Totals
        60          2          6          3          6          0   (incl. Padding)

    ----------------------------------------------------------------------

      Code (inc. data)   RO Data    RW Data    ZI Data      Debug   Library Name

     14558        502        623          0        186       9696   c_w.l
     11924        756       2159        109       7512      15288   cpp_ws.l
       546         30         20          0          0       1440   cpprt_w.l
      1280         32         16          0          0       2364   fz_wm.l
       746         62          0          0          0       1120   m_wm.l

    ----------------------------------------------------------------------
     29114       1384       2824        112       7704      29908   Library Totals

    ----------------------------------------------------------------------

==============================================================================


      Code (inc. data)   RO Data    RW Data    ZI Data      Debug   

     35394       1780       3570        152      16920     185587   Grand Totals
     35394       1780       3570        152      16920     185587   ELF Image Totals
     35394       1780       3570        152          0          0   ROM Totals

==============================================================================

    Total RO  Size (Code + RO Data)                38964 (  38.05kB)
    Total RW  Size (RW Data + ZI Data)             17072 (  16.67kB)
    Total ROM Size (Code + RO Data + RW Data)      39116 (  38.20kB)

==============================================================================

